127.0.0.1 - - [14/Jul/2025:19:23:21 +0530] "GET / HTTP/1.1" 404 752
0:0:0:0:0:0:0:1 - - [14/Jul/2025:19:25:04 +0530] "GET /vpn-frontend/login.html HTTP/1.1" 404 779
0:0:0:0:0:0:0:1 - - [14/Jul/2025:19:25:04 +0530] "GET /favicon.ico HTTP/1.1" 404 763
0:0:0:0:0:0:0:1 - - [14/Jul/2025:19:25:19 +0530] "GET /vpn-frontend/login HTTP/1.1" 404 774
0:0:0:0:0:0:0:1 - - [14/Jul/2025:19:25:22 +0530] "GET /vpn-frontend/login HTTP/1.1" 404 774
0:0:0:0:0:0:0:1 - - [14/Jul/2025:19:25:24 +0530] "GET /vpn-frontend/login HTTP/1.1" 404 774
100.75.82.36 - - [14/Jul/2025:19:55:14 +0530] "GET /vpn-backend/status HTTP/1.1" 404 774
100.75.82.36 - - [14/Jul/2025:19:55:45 +0530] "GET /vpn-backend/status HTTP/1.1" 404 774
100.75.82.36 - - [14/Jul/2025:19:56:15 +0530] "GET /vpn-backend/status HTTP/1.1" 404 774
100.75.82.36 - - [14/Jul/2025:19:56:45 +0530] "GET /vpn-backend/status HTTP/1.1" 404 774
100.75.82.36 - - [14/Jul/2025:19:57:15 +0530] "GET /vpn-backend/status HTTP/1.1" 404 774
100.75.82.36 - - [14/Jul/2025:19:57:45 +0530] "GET /vpn-backend/status HTTP/1.1" 404 774
100.75.82.36 - - [14/Jul/2025:19:58:15 +0530] "GET /vpn-backend/status HTTP/1.1" 404 774
100.75.82.36 - - [14/Jul/2025:19:58:45 +0530] "GET /vpn-backend/status HTTP/1.1" 404 774
100.75.82.36 - - [14/Jul/2025:19:59:17 +0530] "GET /vpn-backend/status HTTP/1.1" 404 774
100.75.82.36 - - [14/Jul/2025:19:59:45 +0530] "GET /vpn-backend/status HTTP/1.1" 404 774
100.75.82.36 - - [14/Jul/2025:20:00:15 +0530] "GET /vpn-backend/status HTTP/1.1" 404 774
100.75.82.36 - - [14/Jul/2025:20:00:16 +0530] "GET /vpn-backend/status HTTP/1.1" 404 774
100.75.82.36 - - [14/Jul/2025:20:00:46 +0530] "GET /vpn-backend/status HTTP/1.1" 404 774
100.75.82.36 - - [14/Jul/2025:20:01:15 +0530] "GET /vpn-backend/status HTTP/1.1" 404 774
100.75.82.36 - - [14/Jul/2025:20:01:16 +0530] "GET /vpn-backend/status HTTP/1.1" 404 774
100.75.82.36 - - [14/Jul/2025:20:01:45 +0530] "GET /vpn-backend/status HTTP/1.1" 404 774
100.75.82.36 - - [14/Jul/2025:20:01:53 +0530] "GET /vpn-backend/status HTTP/1.1" 404 774
100.75.82.36 - - [14/Jul/2025:20:02:00 +0530] "GET /vpn-backend/status HTTP/1.1" 404 774
100.75.82.36 - - [14/Jul/2025:20:02:18 +0530] "GET /vpn-backend/status HTTP/1.1" 404 774
100.75.82.36 - - [14/Jul/2025:20:02:48 +0530] "GET /vpn-backend/status HTTP/1.1" 404 774
100.75.82.36 - - [14/Jul/2025:20:03:18 +0530] "GET /vpn-backend/status HTTP/1.1" 404 774
100.75.82.36 - - [14/Jul/2025:20:03:48 +0530] "GET /vpn-backend/status HTTP/1.1" 404 774
100.75.82.36 - - [14/Jul/2025:20:04:18 +0530] "GET /vpn-backend/status HTTP/1.1" 404 774
100.75.82.36 - - [14/Jul/2025:20:04:48 +0530] "GET /vpn-backend/status HTTP/1.1" 404 774
100.75.82.36 - - [14/Jul/2025:20:05:18 +0530] "GET /vpn-backend/status HTTP/1.1" 404 774
100.75.82.36 - - [14/Jul/2025:20:05:48 +0530] "GET /vpn-backend/status HTTP/1.1" 404 774
100.75.82.36 - - [14/Jul/2025:20:06:49 +0530] "GET /vpn-backend/status HTTP/1.1" 404 774
100.75.82.36 - - [14/Jul/2025:20:07:42 +0530] "GET /vpn-backend/health-check HTTP/1.1" 404 780
100.75.82.36 - - [14/Jul/2025:20:07:45 +0530] "GET /vpn-backend/health-check HTTP/1.1" 404 780
100.75.82.36 - - [14/Jul/2025:20:07:46 +0530] "GET /vpn-backend/status HTTP/1.1" 404 774
100.75.82.36 - - [14/Jul/2025:20:07:48 +0530] "GET /vpn-backend/status HTTP/1.1" 404 774
100.75.82.36 - - [14/Jul/2025:20:08:19 +0530] "GET /vpn-backend/status HTTP/1.1" 404 774
100.75.82.36 - - [14/Jul/2025:20:08:34 +0530] "GET /vpn-backend/health-check HTTP/1.1" 404 780
100.75.82.36 - - [14/Jul/2025:20:08:34 +0530] "GET /vpn-backend/health-check HTTP/1.1" 404 780
100.75.82.36 - - [14/Jul/2025:20:08:36 +0530] "GET /vpn-backend/health-check HTTP/1.1" 404 780
100.75.82.36 - - [14/Jul/2025:20:08:36 +0530] "GET /vpn-backend/health-check HTTP/1.1" 404 780
100.75.82.36 - - [14/Jul/2025:20:08:36 +0530] "GET /vpn-backend/health-check HTTP/1.1" 404 780
100.75.82.36 - - [14/Jul/2025:20:08:36 +0530] "GET /vpn-backend/health-check HTTP/1.1" 404 780
100.75.82.36 - - [14/Jul/2025:20:08:37 +0530] "GET /vpn-backend/health-check HTTP/1.1" 404 780
100.75.82.36 - - [14/Jul/2025:20:08:48 +0530] "GET /vpn-backend/status HTTP/1.1" 404 774
100.75.82.36 - - [14/Jul/2025:20:09:19 +0530] "GET /vpn-backend/status HTTP/1.1" 404 774
100.75.82.36 - - [14/Jul/2025:20:09:20 +0530] "GET /vpn-backend/health-check HTTP/1.1" 404 780
100.75.82.36 - - [14/Jul/2025:20:09:48 +0530] "GET /vpn-backend/status HTTP/1.1" 404 774
100.75.82.36 - - [14/Jul/2025:20:10:18 +0530] "GET /vpn-backend/status HTTP/1.1" 404 774
100.75.82.36 - - [14/Jul/2025:20:10:49 +0530] "GET /vpn-backend/health-check HTTP/1.1" 404 780
100.75.82.36 - - [14/Jul/2025:20:10:55 +0530] "GET /vpn-backend/status HTTP/1.1" 404 774
100.75.82.36 - - [14/Jul/2025:20:11:18 +0530] "GET /vpn-backend/status HTTP/1.1" 404 774
100.90.249.20 - - [14/Jul/2025:20:11:48 +0530] "OPTIONS /vpn-backend/login HTTP/1.1" 200 -
100.75.82.36 - - [14/Jul/2025:20:11:48 +0530] "GET /vpn-backend/status HTTP/1.1" 404 774
100.90.249.20 - - [14/Jul/2025:20:12:00 +0530] "OPTIONS /vpn-backend/login HTTP/1.1" 200 -
100.90.249.20 - - [14/Jul/2025:20:12:01 +0530] "OPTIONS /vpn-backend/login HTTP/1.1" 200 -
100.90.249.20 - - [14/Jul/2025:20:12:02 +0530] "OPTIONS /vpn-backend/login HTTP/1.1" 200 -
100.90.249.20 - - [14/Jul/2025:20:12:02 +0530] "OPTIONS /vpn-backend/login HTTP/1.1" 200 -
100.90.249.20 - - [14/Jul/2025:20:12:30 +0530] "OPTIONS /vpn-backend/login HTTP/1.1" 200 -
100.90.249.20 - - [14/Jul/2025:20:12:32 +0530] "OPTIONS /vpn-backend/login HTTP/1.1" 200 -
100.90.249.20 - - [14/Jul/2025:20:12:33 +0530] "GET /vpn-backend/health-check HTTP/1.1" 404 780
100.90.249.20 - - [14/Jul/2025:20:12:33 +0530] "GET /vpn-backend/health-check HTTP/1.1" 404 780
100.90.249.20 - - [14/Jul/2025:20:12:33 +0530] "GET /vpn-backend/health-check HTTP/1.1" 404 780
100.90.249.20 - - [14/Jul/2025:20:12:34 +0530] "GET /vpn-backend/health-check HTTP/1.1" 404 780
100.90.249.20 - - [14/Jul/2025:20:12:34 +0530] "GET /vpn-backend/health-check HTTP/1.1" 404 780
100.90.249.20 - - [14/Jul/2025:20:12:34 +0530] "GET /vpn-backend/health-check HTTP/1.1" 404 780
100.90.249.20 - - [14/Jul/2025:20:12:38 +0530] "OPTIONS /vpn-backend/login HTTP/1.1" 200 -
100.90.249.20 - - [14/Jul/2025:20:12:40 +0530] "GET /vpn-backend/health-check HTTP/1.1" 404 780
100.75.82.36 - - [14/Jul/2025:20:12:49 +0530] "GET /vpn-backend/status HTTP/1.1" 404 774
100.75.82.36 - - [14/Jul/2025:20:12:59 +0530] "GET /vpn-backend/health-check HTTP/1.1" 404 780
100.75.82.36 - - [14/Jul/2025:20:13:00 +0530] "GET /vpn-backend/health-check HTTP/1.1" 404 780
100.75.82.36 - - [14/Jul/2025:20:13:00 +0530] "GET /vpn-backend/health-check HTTP/1.1" 404 780
100.75.82.36 - - [14/Jul/2025:20:13:00 +0530] "GET /vpn-backend/health-check HTTP/1.1" 404 780
100.75.82.36 - - [14/Jul/2025:20:13:00 +0530] "GET /vpn-backend/health-check HTTP/1.1" 404 780
100.75.82.36 - - [14/Jul/2025:20:13:00 +0530] "GET /vpn-backend/health-check HTTP/1.1" 404 780
100.90.249.20 - - [14/Jul/2025:20:13:04 +0530] "GET /vpn-backend/health-check HTTP/1.1" 404 780
100.75.82.36 - - [14/Jul/2025:20:13:07 +0530] "GET /vpn-backend/health-check HTTP/1.1" 404 780
100.75.82.36 - - [14/Jul/2025:20:13:21 +0530] "GET /vpn-backend/health-check HTTP/1.1" 404 780
100.75.82.36 - - [14/Jul/2025:20:13:50 +0530] "GET /vpn-backend/status HTTP/1.1" 404 774
100.90.249.20 - - [14/Jul/2025:20:14:31 +0530] "OPTIONS /vpn-backend/login HTTP/1.1" 200 -
100.90.249.20 - - [14/Jul/2025:20:14:33 +0530] "GET /vpn-backend/health-check HTTP/1.1" 404 780
100.90.249.20 - - [14/Jul/2025:20:14:34 +0530] "GET /vpn-backend/health-check HTTP/1.1" 404 780
100.90.249.20 - - [14/Jul/2025:20:14:34 +0530] "GET /vpn-backend/health-check HTTP/1.1" 404 780
100.90.249.20 - - [14/Jul/2025:20:14:34 +0530] "GET /vpn-backend/health-check HTTP/1.1" 404 780
100.90.249.20 - - [14/Jul/2025:20:14:35 +0530] "GET /vpn-backend/health-check HTTP/1.1" 404 780
100.90.249.20 - - [14/Jul/2025:20:14:36 +0530] "GET /vpn-backend/health-check HTTP/1.1" 404 780
100.90.249.20 - - [14/Jul/2025:20:14:37 +0530] "GET /vpn-backend/health-check HTTP/1.1" 404 780
100.90.249.20 - - [14/Jul/2025:20:14:37 +0530] "GET /vpn-backend/health-check HTTP/1.1" 404 780
100.90.249.20 - - [14/Jul/2025:20:14:37 +0530] "GET /vpn-backend/health-check HTTP/1.1" 404 780
100.75.82.36 - - [14/Jul/2025:20:14:51 +0530] "GET /vpn-backend/status HTTP/1.1" 404 774
100.75.82.36 - - [14/Jul/2025:20:15:00 +0530] "GET /vpn-backend/health-check HTTP/1.1" 404 780
100.75.82.36 - - [14/Jul/2025:20:15:00 +0530] "GET /favicon.ico HTTP/1.1" 404 763
100.75.82.36 - - [14/Jul/2025:20:15:52 +0530] "GET /vpn-backend/status HTTP/1.1" 404 774
100.75.82.36 - - [14/Jul/2025:20:16:41 +0530] "GET /vpn-backend/health-check HTTP/1.1" 404 780
100.75.82.36 - - [14/Jul/2025:20:16:53 +0530] "GET /vpn-backend/status HTTP/1.1" 404 774
100.75.82.36 - - [14/Jul/2025:20:17:54 +0530] "GET /vpn-backend/status HTTP/1.1" 404 774
100.75.82.36 - - [14/Jul/2025:20:18:55 +0530] "GET /vpn-backend/status HTTP/1.1" 404 774
100.75.82.36 - - [14/Jul/2025:20:19:56 +0530] "GET /vpn-backend/status HTTP/1.1" 404 774
0:0:0:0:0:0:0:1 - - [14/Jul/2025:20:20:15 +0530] "POST /vpn-backend/login?username=meghana&password=meghana HTTP/1.1" 200 36
0:0:0:0:0:0:0:1 - - [14/Jul/2025:20:20:32 +0530] "POST /vpn-backend/fetch-training-logs?username=vaishnavi HTTP/1.1" 200 766
100.75.82.36 - - [14/Jul/2025:20:20:57 +0530] "GET /vpn-backend/status HTTP/1.1" 404 774
100.75.82.36 - - [14/Jul/2025:20:21:58 +0530] "GET /vpn-backend/status HTTP/1.1" 404 774
100.75.82.36 - - [14/Jul/2025:20:22:59 +0530] "GET /vpn-backend/status HTTP/1.1" 404 774
100.75.82.36 - - [14/Jul/2025:20:24:00 +0530] "GET /vpn-backend/status HTTP/1.1" 404 774
0:0:0:0:0:0:0:1 - - [14/Jul/2025:20:24:32 +0530] "POST /vpn-backend/fetch-training-logs?username=vaishnavi HTTP/1.1" 200 766
100.75.82.36 - - [14/Jul/2025:20:25:01 +0530] "GET /vpn-backend/status HTTP/1.1" 404 774
100.75.82.36 - - [14/Jul/2025:20:26:02 +0530] "GET /vpn-backend/status HTTP/1.1" 404 774
100.75.82.36 - - [14/Jul/2025:20:26:18 +0530] "GET /vpn-backend/status HTTP/1.1" 404 774
100.75.82.36 - - [14/Jul/2025:20:26:48 +0530] "GET /vpn-backend/status HTTP/1.1" 404 774
100.75.82.36 - - [14/Jul/2025:20:27:49 +0530] "GET /vpn-backend/status HTTP/1.1" 404 774
100.75.82.36 - - [14/Jul/2025:20:28:09 +0530] "GET /vpn-backend/health-check HTTP/1.1" 404 780
100.75.82.36 - - [14/Jul/2025:20:28:15 +0530] "OPTIONS /vpn-backend/login HTTP/1.1" 200 -
100.75.82.36 - - [14/Jul/2025:20:28:16 +0530] "OPTIONS /vpn-backend/login HTTP/1.1" 200 -
100.75.82.36 - - [14/Jul/2025:20:28:16 +0530] "OPTIONS /vpn-backend/login HTTP/1.1" 200 -
100.75.82.36 - - [14/Jul/2025:20:28:16 +0530] "OPTIONS /vpn-backend/login HTTP/1.1" 200 -
100.75.82.36 - - [14/Jul/2025:20:28:16 +0530] "OPTIONS /vpn-backend/login HTTP/1.1" 200 -
100.75.82.36 - - [14/Jul/2025:20:28:16 +0530] "OPTIONS /vpn-backend/login HTTP/1.1" 200 -
100.75.82.36 - - [14/Jul/2025:20:28:17 +0530] "OPTIONS /vpn-backend/login HTTP/1.1" 200 -
100.75.82.36 - - [14/Jul/2025:20:28:18 +0530] "GET /vpn-backend/status HTTP/1.1" 404 774
100.75.82.36 - - [14/Jul/2025:20:28:46 +0530] "GET /vpn-backend/health-check HTTP/1.1" 404 780
100.75.82.36 - - [14/Jul/2025:20:28:48 +0530] "GET /vpn-backend/status HTTP/1.1" 404 774
100.75.82.36 - - [14/Jul/2025:20:29:18 +0530] "GET /vpn-backend/status HTTP/1.1" 404 774
100.75.82.36 - - [14/Jul/2025:20:29:48 +0530] "GET /vpn-backend/status HTTP/1.1" 404 774
100.75.82.36 - - [14/Jul/2025:20:30:18 +0530] "GET /vpn-backend/status HTTP/1.1" 404 774
100.75.82.36 - - [14/Jul/2025:20:31:16 +0530] "GET /vpn-backend/status HTTP/1.1" 404 774
100.75.82.36 - - [14/Jul/2025:20:32:16 +0530] "GET /vpn-backend/status HTTP/1.1" 404 774
100.75.82.36 - - [14/Jul/2025:20:33:16 +0530] "GET /vpn-backend/status HTTP/1.1" 404 774
100.75.82.36 - - [14/Jul/2025:20:34:16 +0530] "GET /vpn-backend/status HTTP/1.1" 404 774
100.75.82.36 - - [14/Jul/2025:20:35:08 +0530] "GET /vpn-backend/status HTTP/1.1" 404 774
100.75.82.36 - - [14/Jul/2025:20:35:18 +0530] "GET /vpn-backend/status HTTP/1.1" 404 774
100.75.82.36 - - [14/Jul/2025:20:35:48 +0530] "GET /vpn-backend/status HTTP/1.1" 404 774
100.75.82.36 - - [14/Jul/2025:20:36:49 +0530] "GET /vpn-backend/status HTTP/1.1" 404 774
100.75.82.36 - - [14/Jul/2025:20:37:18 +0530] "GET /vpn-backend/status HTTP/1.1" 404 774
100.75.82.36 - - [14/Jul/2025:20:37:48 +0530] "GET /vpn-backend/status HTTP/1.1" 404 774
100.75.82.36 - - [14/Jul/2025:20:38:49 +0530] "GET /vpn-backend/status HTTP/1.1" 404 774
100.75.82.36 - - [14/Jul/2025:20:39:50 +0530] "GET /vpn-backend/status HTTP/1.1" 404 774
100.75.82.36 - - [14/Jul/2025:20:40:51 +0530] "GET /vpn-backend/status HTTP/1.1" 404 774
100.75.82.36 - - [14/Jul/2025:20:41:29 +0530] "GET /vpn-backend/status HTTP/1.1" 404 774
100.75.82.36 - - [14/Jul/2025:20:41:48 +0530] "GET /vpn-backend/status HTTP/1.1" 404 774
100.75.82.36 - - [14/Jul/2025:20:42:18 +0530] "GET /vpn-backend/status HTTP/1.1" 404 774
100.90.249.20 - - [14/Jul/2025:20:42:39 +0530] "OPTIONS /vpn-backend/login HTTP/1.1" 200 -
100.75.82.36 - - [14/Jul/2025:20:42:48 +0530] "GET /vpn-backend/status HTTP/1.1" 404 774
100.75.82.36 - - [14/Jul/2025:20:43:18 +0530] "GET /vpn-backend/status HTTP/1.1" 404 774
100.75.82.36 - - [14/Jul/2025:20:43:48 +0530] "GET /vpn-backend/status HTTP/1.1" 404 774
100.75.82.36 - - [14/Jul/2025:20:44:49 +0530] "GET /vpn-backend/status HTTP/1.1" 404 774
100.90.249.20 - - [14/Jul/2025:20:44:58 +0530] "GET /vpn-backend HTTP/1.1" 302 -
100.90.249.20 - - [14/Jul/2025:20:44:58 +0530] "GET /vpn-backend/ HTTP/1.1" 404 768
100.90.249.20 - - [14/Jul/2025:20:44:58 +0530] "GET /favicon.ico HTTP/1.1" 404 763
100.75.82.36 - - [14/Jul/2025:20:45:50 +0530] "GET /vpn-backend/status HTTP/1.1" 404 774
100.75.82.36 - - [14/Jul/2025:20:46:51 +0530] "GET /vpn-backend/status HTTP/1.1" 404 774
100.75.82.36 - - [14/Jul/2025:20:47:52 +0530] "GET /vpn-backend/status HTTP/1.1" 404 774
100.75.82.36 - - [14/Jul/2025:20:48:53 +0530] "GET /vpn-backend/status HTTP/1.1" 404 774
100.75.82.36 - - [14/Jul/2025:20:49:48 +0530] "GET /vpn-backend/status HTTP/1.1" 404 774
100.75.82.36 - - [14/Jul/2025:20:50:18 +0530] "GET /vpn-backend/status HTTP/1.1" 404 774
100.75.82.36 - - [14/Jul/2025:20:51:16 +0530] "GET /vpn-backend/status HTTP/1.1" 404 774
100.75.82.36 - - [14/Jul/2025:20:52:16 +0530] "GET /vpn-backend/status HTTP/1.1" 404 774
100.75.82.36 - - [14/Jul/2025:20:53:16 +0530] "GET /vpn-backend/status HTTP/1.1" 404 774
100.75.82.36 - - [14/Jul/2025:20:54:16 +0530] "GET /vpn-backend/status HTTP/1.1" 404 774
100.75.82.36 - - [14/Jul/2025:20:55:16 +0530] "GET /vpn-backend/status HTTP/1.1" 404 774
100.75.82.36 - - [14/Jul/2025:20:56:16 +0530] "GET /vpn-backend/status HTTP/1.1" 404 774
100.75.82.36 - - [14/Jul/2025:20:57:16 +0530] "GET /vpn-backend/status HTTP/1.1" 404 774
100.75.82.36 - - [14/Jul/2025:20:58:16 +0530] "GET /vpn-backend/status HTTP/1.1" 404 774
100.75.82.36 - - [14/Jul/2025:20:59:16 +0530] "GET /vpn-backend/status HTTP/1.1" 404 774
100.75.82.36 - - [14/Jul/2025:21:00:16 +0530] "GET /vpn-backend/status HTTP/1.1" 404 774
100.75.82.36 - - [14/Jul/2025:21:01:16 +0530] "GET /vpn-backend/status HTTP/1.1" 404 774
100.90.249.20 - - [14/Jul/2025:21:01:43 +0530] "GET /vpn-backend/login HTTP/1.1" 200 70
100.90.249.20 - - [14/Jul/2025:21:01:49 +0530] "GET /vpn-backend/login HTTP/1.1" 200 70
100.75.82.36 - - [14/Jul/2025:21:02:16 +0530] "GET /vpn-backend/status HTTP/1.1" 404 774
100.90.249.20 - - [14/Jul/2025:21:02:21 +0530] "GET /vpn-backend/login.html HTTP/1.1" 200 23584
100.90.249.20 - - [14/Jul/2025:21:02:21 +0530] "GET /vpn-backend/status HTTP/1.1" 404 774
100.90.249.20 - - [14/Jul/2025:21:02:35 +0530] "POST /vpn-backend/login HTTP/1.1" 200 50
100.90.249.20 - - [14/Jul/2025:21:02:36 +0530] "GET /vpn-backend/dashboard.html HTTP/1.1" 404 782
100.90.249.20 - - [14/Jul/2025:21:02:41 +0530] "GET /vpn-backend/dashboard.html HTTP/1.1" 404 782
100.90.249.20 - - [14/Jul/2025:21:02:51 +0530] "GET /vpn-backend/status HTTP/1.1" 404 774
100.75.82.36 - - [14/Jul/2025:21:03:16 +0530] "GET /vpn-backend/status HTTP/1.1" 404 774
100.90.249.20 - - [14/Jul/2025:21:03:21 +0530] "GET /vpn-backend/status HTTP/1.1" 404 774
100.90.249.20 - - [14/Jul/2025:21:03:51 +0530] "GET /vpn-backend/status HTTP/1.1" 404 774
100.75.82.36 - - [14/Jul/2025:21:04:16 +0530] "GET /vpn-backend/status HTTP/1.1" 404 774
100.90.249.20 - - [14/Jul/2025:21:04:21 +0530] "GET /vpn-backend/status HTTP/1.1" 404 774
100.90.249.20 - - [14/Jul/2025:21:04:51 +0530] "GET /vpn-backend/status HTTP/1.1" 404 774
100.75.82.36 - - [14/Jul/2025:21:05:16 +0530] "GET /vpn-backend/status HTTP/1.1" 404 774
0:0:0:0:0:0:0:1 - - [14/Jul/2025:21:05:20 +0530] "GET /vpn-backend/login.html HTTP/1.1" 200 2911
100.90.249.20 - - [14/Jul/2025:21:05:21 +0530] "GET /vpn-backend/status HTTP/1.1" 404 774
0:0:0:0:0:0:0:1 - - [14/Jul/2025:21:05:23 +0530] "GET /vpn-backend/login.html HTTP/1.1" 304 -
100.90.249.20 - - [14/Jul/2025:21:05:30 +0530] "POST /vpn-backend/login HTTP/1.1" 200 36
100.90.249.20 - - [14/Jul/2025:21:05:33 +0530] "POST /vpn-backend/login HTTP/1.1" 200 36
100.90.249.20 - - [14/Jul/2025:21:05:33 +0530] "POST /vpn-backend/login HTTP/1.1" 200 36
0:0:0:0:0:0:0:1 - - [14/Jul/2025:21:05:34 +0530] "GET /vpn-backend/login.html HTTP/1.1" 304 -
100.90.249.20 - - [14/Jul/2025:21:05:42 +0530] "POST /vpn-backend/login HTTP/1.1" 200 36
100.90.249.20 - - [14/Jul/2025:21:05:44 +0530] "POST /vpn-backend/login HTTP/1.1" 200 36
100.90.249.20 - - [14/Jul/2025:21:05:44 +0530] "POST /vpn-backend/login HTTP/1.1" 200 36
100.90.249.20 - - [14/Jul/2025:21:05:45 +0530] "POST /vpn-backend/login HTTP/1.1" 200 36
0:0:0:0:0:0:0:1 - - [14/Jul/2025:21:05:52 +0530] "GET /vpn-backend/dashboard.html HTTP/1.1" 200 2448
100.90.249.20 - - [14/Jul/2025:21:06:14 +0530] "GET /vpn-backend/fetch-user-logs?username=guest HTTP/1.1" 200 30
100.90.249.20 - - [14/Jul/2025:21:06:15 +0530] "GET /vpn-backend/fetch-user-logs?username=guest HTTP/1.1" 200 30
100.75.82.36 - - [14/Jul/2025:21:06:16 +0530] "GET /vpn-backend/status HTTP/1.1" 404 774
100.90.249.20 - - [14/Jul/2025:21:06:18 +0530] "GET /vpn-backend/fetch-user-logs?username=guest HTTP/1.1" 200 30
100.90.249.20 - - [14/Jul/2025:21:06:19 +0530] "GET /vpn-backend/fetch-user-logs?username=guest HTTP/1.1" 200 30
100.90.249.20 - - [14/Jul/2025:21:06:20 +0530] "GET /vpn-backend/fetch-training-logs?username=guest HTTP/1.1" 200 81
100.90.249.20 - - [14/Jul/2025:21:06:21 +0530] "GET /vpn-backend/fetch-training-logs?username=guest HTTP/1.1" 200 81
100.90.249.20 - - [14/Jul/2025:21:06:21 +0530] "GET /vpn-backend/fetch-training-logs?username=guest HTTP/1.1" 200 81
100.90.249.20 - - [14/Jul/2025:21:06:22 +0530] "GET /vpn-backend/fetch-audit-logs HTTP/1.1" 200 1390
100.90.249.20 - - [14/Jul/2025:21:06:22 +0530] "GET /vpn-backend/fetch-audit-logs HTTP/1.1" 200 1390
100.90.249.20 - - [14/Jul/2025:21:06:25 +0530] "POST /vpn-backend/login HTTP/1.1" 200 36
100.90.249.20 - - [14/Jul/2025:21:06:25 +0530] "POST /vpn-backend/login HTTP/1.1" 200 36
0:0:0:0:0:0:0:1 - - [14/Jul/2025:21:06:26 +0530] "GET /vpn-backend/login.html HTTP/1.1" 304 -
100.90.249.20 - - [14/Jul/2025:21:06:27 +0530] "GET /vpn-backend/status HTTP/1.1" 404 774
0:0:0:0:0:0:0:1 - - [14/Jul/2025:21:06:38 +0530] "GET /vpn-backend/login.html HTTP/1.1" 304 -
100.90.249.20 - - [14/Jul/2025:21:06:49 +0530] "POST /vpn-backend/login HTTP/1.1" 200 36
100.90.249.20 - - [14/Jul/2025:21:06:55 +0530] "POST /vpn-backend/login HTTP/1.1" 200 36
100.75.82.36 - - [14/Jul/2025:21:07:16 +0530] "GET /vpn-backend/status HTTP/1.1" 404 774
100.90.249.20 - - [14/Jul/2025:21:07:27 +0530] "GET /vpn-backend/status HTTP/1.1" 404 774
100.90.249.20 - - [14/Jul/2025:21:07:32 +0530] "POST /vpn-backend/login HTTP/1.1" 200 36
100.90.249.20 - - [14/Jul/2025:21:07:45 +0530] "POST /vpn-backend/login HTTP/1.1" 200 36
100.75.82.36 - - [14/Jul/2025:21:08:16 +0530] "GET /vpn-backend/status HTTP/1.1" 404 774
100.75.82.36 - - [14/Jul/2025:21:09:16 +0530] "GET /vpn-backend/status HTTP/1.1" 404 774
100.75.82.36 - - [14/Jul/2025:21:10:16 +0530] "GET /vpn-backend/status HTTP/1.1" 404 774
100.75.82.36 - - [14/Jul/2025:21:11:16 +0530] "GET /vpn-backend/status HTTP/1.1" 404 774
100.75.82.36 - - [14/Jul/2025:21:12:16 +0530] "GET /vpn-backend/status HTTP/1.1" 404 774
0:0:0:0:0:0:0:1 - - [14/Jul/2025:21:12:20 +0530] "GET /vpn-backend/dashboard.html HTTP/1.1" 200 2448
100.90.249.20 - - [14/Jul/2025:21:12:25 +0530] "POST /vpn-backend/login HTTP/1.1" 200 36
0:0:0:0:0:0:0:1 - - [14/Jul/2025:21:12:29 +0530] "GET /vpn-backend/login.html HTTP/1.1" 200 2911
100.90.249.20 - - [14/Jul/2025:21:12:36 +0530] "POST /vpn-backend/login HTTP/1.1" 200 36
100.90.249.20 - - [14/Jul/2025:21:12:38 +0530] "POST /vpn-backend/login HTTP/1.1" 200 36
100.90.249.20 - - [14/Jul/2025:21:12:38 +0530] "POST /vpn-backend/login HTTP/1.1" 200 36
100.90.249.20 - - [14/Jul/2025:21:12:38 +0530] "POST /vpn-backend/login HTTP/1.1" 200 36
100.90.249.20 - - [14/Jul/2025:21:12:39 +0530] "POST /vpn-backend/login HTTP/1.1" 200 36
100.90.249.20 - - [14/Jul/2025:21:12:40 +0530] "POST /vpn-backend/login HTTP/1.1" 200 36
100.90.249.20 - - [14/Jul/2025:21:12:40 +0530] "POST /vpn-backend/login HTTP/1.1" 200 36
100.90.249.20 - - [14/Jul/2025:21:12:44 +0530] "GET /vpn-backend/fetch-user-logs?username=guest HTTP/1.1" 200 30
100.90.249.20 - - [14/Jul/2025:21:12:45 +0530] "GET /vpn-backend/fetch-training-logs?username=guest HTTP/1.1" 200 81
100.90.249.20 - - [14/Jul/2025:21:12:47 +0530] "GET /vpn-backend/fetch-audit-logs HTTP/1.1" 200 3522
100.90.249.20 - - [14/Jul/2025:21:12:47 +0530] "GET /vpn-backend/fetch-audit-logs HTTP/1.1" 200 3522
100.90.249.20 - - [14/Jul/2025:21:12:51 +0530] "POST /vpn-backend/logs HTTP/1.1" 200 63
100.90.249.20 - - [14/Jul/2025:21:12:57 +0530] "POST /vpn-backend/logs HTTP/1.1" 200 63
100.75.82.36 - - [14/Jul/2025:21:13:16 +0530] "GET /vpn-backend/status HTTP/1.1" 404 774
100.90.249.20 - - [14/Jul/2025:21:13:51 +0530] "GET /vpn-backend/fetch-audit-logs HTTP/1.1" 200 3522
100.75.82.36 - - [14/Jul/2025:21:14:16 +0530] "GET /vpn-backend/status HTTP/1.1" 404 774
100.75.82.36 - - [14/Jul/2025:21:15:16 +0530] "GET /vpn-backend/status HTTP/1.1" 404 774
0:0:0:0:0:0:0:1 - - [14/Jul/2025:21:16:07 +0530] "GET /vpn-backend/login.html HTTP/1.1" 304 -
100.75.82.36 - - [14/Jul/2025:21:16:16 +0530] "GET /vpn-backend/status HTTP/1.1" 404 774
100.90.249.20 - - [14/Jul/2025:21:16:24 +0530] "POST /vpn-backend/login HTTP/1.1" 200 36
100.90.249.20 - - [14/Jul/2025:21:16:26 +0530] "POST /vpn-backend/login HTTP/1.1" 200 36
100.90.249.20 - - [14/Jul/2025:21:16:53 +0530] "POST /vpn-backend/login HTTP/1.1" 200 36
0:0:0:0:0:0:0:1 - - [14/Jul/2025:21:16:56 +0530] "GET /vpn-backend/dashboard.html HTTP/1.1" 200 2488
100.75.82.36 - - [14/Jul/2025:21:17:16 +0530] "GET /vpn-backend/status HTTP/1.1" 404 774
100.90.249.20 - - [14/Jul/2025:21:17:19 +0530] "GET /vpn-backend/fetch-training-logs?username=guest HTTP/1.1" 200 81
100.90.249.20 - - [14/Jul/2025:21:17:20 +0530] "GET /vpn-backend/fetch-training-logs?username=guest HTTP/1.1" 200 81
100.90.249.20 - - [14/Jul/2025:21:17:21 +0530] "GET /vpn-backend/fetch-audit-logs HTTP/1.1" 200 3975
100.90.249.20 - - [14/Jul/2025:21:17:21 +0530] "GET /vpn-backend/fetch-audit-logs HTTP/1.1" 200 3975
100.90.249.20 - - [14/Jul/2025:21:17:21 +0530] "GET /vpn-backend/fetch-audit-logs HTTP/1.1" 200 3975
100.75.82.36 - - [14/Jul/2025:21:18:16 +0530] "GET /vpn-backend/status HTTP/1.1" 404 774
100.75.82.36 - - [14/Jul/2025:21:19:16 +0530] "GET /vpn-backend/status HTTP/1.1" 404 774
100.75.82.36 - - [14/Jul/2025:21:20:16 +0530] "GET /vpn-backend/status HTTP/1.1" 404 774
100.75.82.36 - - [14/Jul/2025:21:21:16 +0530] "GET /vpn-backend/status HTTP/1.1" 404 774
100.75.82.36 - - [14/Jul/2025:21:22:16 +0530] "GET /vpn-backend/status HTTP/1.1" 404 774
100.75.82.36 - - [14/Jul/2025:21:23:16 +0530] "GET /vpn-backend/status HTTP/1.1" 404 774
100.75.82.36 - - [14/Jul/2025:21:27:16 +0530] "GET /vpn-backend/status HTTP/1.1" 404 774
100.75.82.36 - - [14/Jul/2025:21:28:16 +0530] "GET /vpn-backend/status HTTP/1.1" 404 774
0:0:0:0:0:0:0:1 - - [14/Jul/2025:21:29:04 +0530] "GET /vpn-backend/login.html HTTP/1.1" 304 -
100.90.249.20 - - [14/Jul/2025:21:29:13 +0530] "POST /vpn-backend/login HTTP/1.1" 200 66
100.75.82.36 - - [14/Jul/2025:21:29:16 +0530] "GET /vpn-backend/status HTTP/1.1" 404 774
100.75.82.36 - - [14/Jul/2025:21:30:16 +0530] "GET /vpn-backend/status HTTP/1.1" 404 774
100.75.82.36 - - [14/Jul/2025:21:31:16 +0530] "GET /vpn-backend/status HTTP/1.1" 404 774
0:0:0:0:0:0:0:1 - - [14/Jul/2025:21:31:39 +0530] "GET /vpn-backend/login.html HTTP/1.1" 200 2911
0:0:0:0:0:0:0:1 - - [14/Jul/2025:21:31:39 +0530] "GET /vpn-backend/login.html HTTP/1.1" 304 -
100.90.249.20 - - [14/Jul/2025:21:31:48 +0530] "POST /vpn-backend/login HTTP/1.1" 200 66
100.90.249.20 - - [14/Jul/2025:21:31:49 +0530] "POST /vpn-backend/login HTTP/1.1" 200 66
100.75.82.36 - - [14/Jul/2025:21:32:16 +0530] "GET /vpn-backend/status HTTP/1.1" 404 774
100.75.82.36 - - [14/Jul/2025:21:33:16 +0530] "GET /vpn-backend/status HTTP/1.1" 404 774
0:0:0:0:0:0:0:1 - - [14/Jul/2025:21:34:07 +0530] "GET /vpn-backend/dashboard.html HTTP/1.1" 200 2450
0:0:0:0:0:0:0:1 - - [14/Jul/2025:21:34:14 +0530] "GET /vpn-backend/login.html HTTP/1.1" 200 2911
100.75.82.36 - - [14/Jul/2025:21:34:16 +0530] "GET /vpn-backend/status HTTP/1.1" 404 774
100.75.82.36 - - [14/Jul/2025:21:35:16 +0530] "GET /vpn-backend/status HTTP/1.1" 404 774
100.75.82.36 - - [14/Jul/2025:21:36:16 +0530] "GET /vpn-backend/status HTTP/1.1" 404 774
127.0.0.1 - - [14/Jul/2025:21:36:39 +0530] "GET / HTTP/1.1" 404 752
0:0:0:0:0:0:0:1 - - [14/Jul/2025:21:36:45 +0530] "GET /vpn-backend/login.html HTTP/1.1" 304 -
100.75.82.36 - - [14/Jul/2025:21:37:16 +0530] "GET /vpn-backend/status HTTP/1.1" 404 774
100.90.249.20 - - [14/Jul/2025:21:37:51 +0530] "POST /vpn-backend/login HTTP/1.1" 200 66
100.75.82.36 - - [14/Jul/2025:21:38:16 +0530] "GET /vpn-backend/status HTTP/1.1" 404 774
100.75.82.36 - - [14/Jul/2025:21:39:16 +0530] "GET /vpn-backend/status HTTP/1.1" 404 774
100.75.82.36 - - [14/Jul/2025:21:40:16 +0530] "GET /vpn-backend/status HTTP/1.1" 404 774
0:0:0:0:0:0:0:1 - - [14/Jul/2025:21:40:30 +0530] "GET /vpn-backend/login.html HTTP/1.1" 304 -
0:0:0:0:0:0:0:1 - - [14/Jul/2025:21:40:37 +0530] "GET /vpn-backend/login.html HTTP/1.1" 304 -
100.75.82.36 - - [14/Jul/2025:21:41:16 +0530] "GET /vpn-backend/status HTTP/1.1" 404 774
100.75.82.36 - - [14/Jul/2025:21:41:49 +0530] "GET /vpn-backend/status HTTP/1.1" 404 774
127.0.0.1 - - [14/Jul/2025:21:46:52 +0530] "GET / HTTP/1.1" 404 752
0:0:0:0:0:0:0:1 - - [14/Jul/2025:21:47:02 +0530] "GET /vpn-backend/login.html HTTP/1.1" 304 -
100.90.249.20 - - [14/Jul/2025:21:47:07 +0530] "GET /vpn-backend HTTP/1.1" 302 -
100.90.249.20 - - [14/Jul/2025:21:47:07 +0530] "GET /vpn-backend/ HTTP/1.1" 404 768
100.90.249.20 - - [14/Jul/2025:21:49:04 +0530] "POST /vpn-backend/login HTTP/1.1" 200 66
100.90.249.20 - - [14/Jul/2025:21:49:04 +0530] "POST /vpn-backend/login HTTP/1.1" 200 66
0:0:0:0:0:0:0:1 - - [14/Jul/2025:21:51:30 +0530] "GET /vpn-backend/dashboard.html HTTP/1.1" 304 -
100.90.249.20 - - [14/Jul/2025:21:51:36 +0530] "POST /vpn-backend/login HTTP/1.1" 200 66
0:0:0:0:0:0:0:1 - - [14/Jul/2025:22:21:50 +0530] "GET /vpn-backend/login.html HTTP/1.1" 200 2964
100.90.249.20 - - [14/Jul/2025:22:21:59 +0530] "POST /vpn-backend/login HTTP/1.1" 200 66
0:0:0:0:0:0:0:1 - - [14/Jul/2025:22:51:37 +0530] "GET /vpn-backend/index.html HTTP/1.1" 200 26332
100.90.249.20 - - [14/Jul/2025:22:51:37 +0530] "GET /vpn-backend/status HTTP/1.1" 404 774
0:0:0:0:0:0:0:1 - - [14/Jul/2025:22:51:40 +0530] "GET /vpn-backend/index.html HTTP/1.1" 304 -
100.90.249.20 - - [14/Jul/2025:22:51:40 +0530] "GET /vpn-backend/status HTTP/1.1" 404 774
100.90.249.20 - - [14/Jul/2025:22:51:49 +0530] "POST /vpn-backend/login HTTP/1.1" 200 50
0:0:0:0:0:0:0:1 - - [14/Jul/2025:22:52:02 +0530] "GET /vpn-backend/index.html HTTP/1.1" 304 -
100.90.249.20 - - [14/Jul/2025:22:52:02 +0530] "GET /vpn-backend/status HTTP/1.1" 404 774
100.90.249.20 - - [14/Jul/2025:22:52:32 +0530] "GET /vpn-backend/status HTTP/1.1" 404 774
100.90.249.20 - - [14/Jul/2025:22:52:41 +0530] "POST /vpn-backend/login HTTP/1.1" 200 66
100.90.249.20 - - [14/Jul/2025:22:53:02 +0530] "GET /vpn-backend/status HTTP/1.1" 404 774
0:0:0:0:0:0:0:1 - - [14/Jul/2025:22:53:16 +0530] "GET /vpn-backend/index.html HTTP/1.1" 304 -
100.90.249.20 - - [14/Jul/2025:22:53:16 +0530] "GET /vpn-backend/status HTTP/1.1" 404 774
100.90.249.20 - - [14/Jul/2025:22:53:19 +0530] "GET /vpn-backend/status HTTP/1.1" 404 774
100.90.249.20 - - [14/Jul/2025:22:53:44 +0530] "POST /vpn-backend/login HTTP/1.1" 200 66
100.90.249.20 - - [14/Jul/2025:22:53:49 +0530] "GET /vpn-backend/status HTTP/1.1" 404 774
100.90.249.20 - - [14/Jul/2025:22:54:19 +0530] "GET /vpn-backend/status HTTP/1.1" 404 774
100.90.249.20 - - [14/Jul/2025:22:54:49 +0530] "GET /vpn-backend/status HTTP/1.1" 404 774
100.90.249.20 - - [14/Jul/2025:22:55:19 +0530] "GET /vpn-backend/status HTTP/1.1" 404 774
100.90.249.20 - - [14/Jul/2025:22:55:49 +0530] "GET /vpn-backend/status HTTP/1.1" 404 774
100.90.249.20 - - [14/Jul/2025:22:56:19 +0530] "GET /vpn-backend/status HTTP/1.1" 404 774
100.90.249.20 - - [14/Jul/2025:22:57:15 +0530] "GET /vpn-backend/status HTTP/1.1" 404 774
0:0:0:0:0:0:0:1 - - [14/Jul/2025:22:57:17 +0530] "GET /vpn-backend/index.html HTTP/1.1" 304 -
100.90.249.20 - - [14/Jul/2025:22:57:17 +0530] "GET /vpn-backend/status HTTP/1.1" 404 774
100.90.249.20 - - [14/Jul/2025:22:57:47 +0530] "GET /vpn-backend/status HTTP/1.1" 404 774
100.90.249.20 - - [14/Jul/2025:22:58:17 +0530] "GET /vpn-backend/status HTTP/1.1" 404 774
100.90.249.20 - - [14/Jul/2025:22:58:47 +0530] "GET /vpn-backend/status HTTP/1.1" 404 774
100.90.249.20 - - [14/Jul/2025:22:59:17 +0530] "GET /vpn-backend/status HTTP/1.1" 404 774
0:0:0:0:0:0:0:1 - - [14/Jul/2025:22:59:24 +0530] "GET /vpn-backend/login.html HTTP/1.1" 304 -
100.90.249.20 - - [14/Jul/2025:22:59:37 +0530] "POST /vpn-backend/login HTTP/1.1" 200 66
0:0:0:0:0:0:0:1 - - [14/Jul/2025:22:59:51 +0530] "GET /vpn-backend/dashboard.html HTTP/1.1" 200 2450
100.90.249.20 - - [14/Jul/2025:23:00:04 +0530] "POST /vpn-backend/logs HTTP/1.1" 200 63
100.90.249.20 - - [14/Jul/2025:23:00:06 +0530] "GET /vpn-backend/fetch-training-logs?username=guest HTTP/1.1" 200 81
100.90.249.20 - - [14/Jul/2025:23:00:07 +0530] "GET /vpn-backend/fetch-audit-logs HTTP/1.1" 200 5648
100.90.249.20 - - [14/Jul/2025:23:00:07 +0530] "GET /vpn-backend/fetch-audit-logs HTTP/1.1" 200 5648
100.90.249.20 - - [14/Jul/2025:23:00:08 +0530] "GET /vpn-backend/fetch-audit-logs HTTP/1.1" 200 5648
127.0.0.1 - - [14/Jul/2025:23:06:44 +0530] "GET / HTTP/1.1" 404 752
0:0:0:0:0:0:0:1 - - [14/Jul/2025:23:06:53 +0530] "GET /vpn-backend/login.html HTTP/1.1" 200 2966
100.90.249.20 - - [14/Jul/2025:23:07:05 +0530] "POST /vpn-backend/login HTTP/1.1" 200 77
127.0.0.1 - - [14/Jul/2025:23:07:34 +0530] "GET / HTTP/1.1" 404 752
100.90.249.20 - - [14/Jul/2025:23:07:39 +0530] "POST /vpn-backend/login HTTP/1.1" 200 77
0:0:0:0:0:0:0:1 - - [14/Jul/2025:23:07:53 +0530] "GET /vpn-backend/login.html HTTP/1.1" 200 2966
0:0:0:0:0:0:0:1 - - [14/Jul/2025:23:07:57 +0530] "GET /vpn-backend/index.html HTTP/1.1" 304 -
100.90.249.20 - - [14/Jul/2025:23:07:57 +0530] "GET /vpn-backend/status HTTP/1.1" 404 774
100.90.249.20 - - [14/Jul/2025:23:08:05 +0530] "POST /vpn-backend/login HTTP/1.1" 200 77
0:0:0:0:0:0:0:1 - - [14/Jul/2025:23:08:20 +0530] "GET /vpn-backend/index.html HTTP/1.1" 304 -
100.90.249.20 - - [14/Jul/2025:23:08:20 +0530] "GET /vpn-backend/status HTTP/1.1" 404 774
100.90.249.20 - - [14/Jul/2025:23:08:50 +0530] "GET /vpn-backend/status HTTP/1.1" 404 774
100.90.249.20 - - [14/Jul/2025:23:09:20 +0530] "GET /vpn-backend/status HTTP/1.1" 404 774
100.90.249.20 - - [14/Jul/2025:23:09:50 +0530] "GET /vpn-backend/status HTTP/1.1" 404 774
100.90.249.20 - - [14/Jul/2025:23:10:20 +0530] "GET /vpn-backend/status HTTP/1.1" 404 683
100.90.249.20 - - [14/Jul/2025:23:10:50 +0530] "GET /vpn-backend/status HTTP/1.1" 404 683
100.90.249.20 - - [14/Jul/2025:23:11:20 +0530] "GET /vpn-backend/status HTTP/1.1" 404 683
0:0:0:0:0:0:0:1 - - [14/Jul/2025:23:11:38 +0530] "GET /vpn-backend/login.html HTTP/1.1" 404 683
0:0:0:0:0:0:0:1 - - [14/Jul/2025:23:11:39 +0530] "GET /vpn-backend/login.html HTTP/1.1" 404 683
0:0:0:0:0:0:0:1 - - [14/Jul/2025:23:11:39 +0530] "GET /vpn-backend/login.html HTTP/1.1" 404 683
0:0:0:0:0:0:0:1 - - [14/Jul/2025:23:11:39 +0530] "GET /vpn-backend/login.html HTTP/1.1" 404 683
0:0:0:0:0:0:0:1 - - [14/Jul/2025:23:11:40 +0530] "GET /vpn-backend/login.html HTTP/1.1" 404 683
127.0.0.1 - - [14/Jul/2025:23:11:58 +0530] "GET / HTTP/1.1" 404 752
0:0:0:0:0:0:0:1 - - [14/Jul/2025:23:12:02 +0530] "GET /vpn-backend/login.html HTTP/1.1" 200 2966
0:0:0:0:0:0:0:1 - - [14/Jul/2025:23:12:03 +0530] "GET /vpn-backend/login.html HTTP/1.1" 304 -
100.90.249.20 - - [14/Jul/2025:23:12:13 +0530] "POST /vpn-backend/login HTTP/1.1" 200 77
100.90.249.20 - - [14/Jul/2025:23:12:27 +0530] "GET /vpn-backend/status HTTP/1.1" 404 774
100.90.249.20 - - [14/Jul/2025:23:12:38 +0530] "POST /vpn-backend/login HTTP/1.1" 200 50
0:0:0:0:0:0:0:1 - - [14/Jul/2025:23:12:47 +0530] "GET /vpn-backend/index.html HTTP/1.1" 304 -
100.90.249.20 - - [14/Jul/2025:23:12:47 +0530] "GET /vpn-backend/status HTTP/1.1" 404 774
100.90.249.20 - - [14/Jul/2025:23:13:17 +0530] "GET /vpn-backend/status HTTP/1.1" 404 774
100.90.249.20 - - [14/Jul/2025:23:13:28 +0530] "POST /vpn-backend/login HTTP/1.1" 200 77
100.90.249.20 - - [14/Jul/2025:23:13:47 +0530] "GET /vpn-backend/status HTTP/1.1" 404 774
100.90.249.20 - - [14/Jul/2025:23:14:17 +0530] "GET /vpn-backend/status HTTP/1.1" 404 774
0:0:0:0:0:0:0:1 - - [14/Jul/2025:23:14:43 +0530] "GET /vpn-backend/index.html HTTP/1.1" 304 -
100.90.249.20 - - [14/Jul/2025:23:14:43 +0530] "GET /vpn-backend/status HTTP/1.1" 404 774
0:0:0:0:0:0:0:1 - - [14/Jul/2025:23:14:45 +0530] "GET /vpn-backend/login.html HTTP/1.1" 304 -
100.90.249.20 - - [14/Jul/2025:23:15:13 +0530] "GET /vpn-backend/status HTTP/1.1" 404 774
100.90.249.20 - - [14/Jul/2025:23:15:43 +0530] "GET /vpn-backend/status HTTP/1.1" 404 774
100.90.249.20 - - [14/Jul/2025:23:16:13 +0530] "GET /vpn-backend/status HTTP/1.1" 404 774
100.90.249.20 - - [14/Jul/2025:23:16:43 +0530] "GET /vpn-backend/status HTTP/1.1" 404 774
100.90.249.20 - - [14/Jul/2025:23:17:13 +0530] "GET /vpn-backend/status HTTP/1.1" 404 774
100.90.249.20 - - [14/Jul/2025:23:17:43 +0530] "GET /vpn-backend/status HTTP/1.1" 404 774
0:0:0:0:0:0:0:1 - - [14/Jul/2025:23:18:05 +0530] "GET /vpn-backend/index.html HTTP/1.1" 200 25982
0:0:0:0:0:0:0:1 - - [14/Jul/2025:23:18:30 +0530] "GET /vpn-backend/index.html?username=vaishnavi&password=vaishnavi HTTP/1.1" 200 25982
0:0:0:0:0:0:0:1 - - [14/Jul/2025:23:18:50 +0530] "GET /vpn-backend/index.html?username=vaishnavi&password=vaishnavi HTTP/1.1" 304 -
0:0:0:0:0:0:0:1 - - [14/Jul/2025:23:19:01 +0530] "GET /vpn-backend/login.html HTTP/1.1" 304 -
100.90.249.20 - - [14/Jul/2025:23:19:10 +0530] "POST /vpn-backend/login HTTP/1.1" 200 77
0:0:0:0:0:0:0:1 - - [14/Jul/2025:23:19:13 +0530] "GET /vpn-backend/dashboard.html HTTP/1.1" 304 -
100.90.249.20 - - [14/Jul/2025:23:19:23 +0530] "POST /vpn-backend/logs HTTP/1.1" 200 43
100.90.249.20 - - [14/Jul/2025:23:19:26 +0530] "GET /vpn-backend/fetch-user-logs?username=vaishnavi HTTP/1.1" 200 549
100.90.249.20 - - [14/Jul/2025:23:19:26 +0530] "GET /vpn-backend/fetch-user-logs?username=vaishnavi HTTP/1.1" 200 549
0:0:0:0:0:0:0:1 - - [14/Jul/2025:23:19:58 +0530] "GET /vpn-backend/index.html?username=meghana&password=meghana HTTP/1.1" 200 25982
100.90.249.20 - - [14/Jul/2025:23:22:49 +0530] "GET /vpn-backend/fetch-audit-logs HTTP/1.1" 200 6713
100.90.249.20 - - [14/Jul/2025:23:22:49 +0530] "GET /vpn-backend/fetch-audit-logs HTTP/1.1" 200 6713
0:0:0:0:0:0:0:1 - - [14/Jul/2025:23:25:03 +0530] "GET /vpn-backend/login.html HTTP/1.1" 304 -
0:0:0:0:0:0:0:1 - - [14/Jul/2025:23:34:53 +0530] "GET /vpn-backend/login.html HTTP/1.1" 200 5891
100.90.249.20 - - [14/Jul/2025:23:35:10 +0530] "POST /vpn-backend/login HTTP/1.1" 200 77
0:0:0:0:0:0:0:1 - - [14/Jul/2025:23:35:10 +0530] "GET /vpn-backend/dashboard.html HTTP/1.1" 200 4850
100.90.249.20 - - [14/Jul/2025:23:35:16 +0530] "GET /vpn-backend/fetch-user-logs?username=vaishnavi HTTP/1.1" 200 549
100.90.249.20 - - [14/Jul/2025:23:35:24 +0530] "GET /vpn-backend/fetch-training-logs?username=vaishnavi HTTP/1.1" 200 81
100.90.249.20 - - [14/Jul/2025:23:35:26 +0530] "GET /vpn-backend/fetch-audit-logs HTTP/1.1" 200 6866
100.90.249.20 - - [14/Jul/2025:23:35:51 +0530] "POST /vpn-backend/logs HTTP/1.1" 200 43
100.90.249.20 - - [14/Jul/2025:23:35:55 +0530] "GET /vpn-backend/fetch-user-logs?username=vaishnavi HTTP/1.1" 200 791
100.90.249.20 - - [14/Jul/2025:23:35:56 +0530] "GET /vpn-backend/fetch-user-logs?username=vaishnavi HTTP/1.1" 200 791
100.90.249.20 - - [14/Jul/2025:23:36:00 +0530] "GET /vpn-backend/fetch-training-logs?username=vaishnavi HTTP/1.1" 200 81
100.90.249.20 - - [14/Jul/2025:23:36:01 +0530] "GET /vpn-backend/fetch-training-logs?username=vaishnavi HTTP/1.1" 200 81
100.90.249.20 - - [14/Jul/2025:23:36:02 +0530] "GET /vpn-backend/fetch-audit-logs HTTP/1.1" 200 7015
0:0:0:0:0:0:0:1 - - [14/Jul/2025:23:39:25 +0530] "GET /vpn-backend/dashboard.html HTTP/1.1" 200 7445
100.90.249.20 - - [14/Jul/2025:23:39:25 +0530] "GET /vpn-backend/fetch-user-logs?username=vaishnavi HTTP/1.1" 200 791
100.90.249.20 - - [14/Jul/2025:23:39:28 +0530] "GET /vpn-backend/fetch-user-logs?username=vaishnavi HTTP/1.1" 200 791
100.90.249.20 - - [14/Jul/2025:23:39:29 +0530] "GET /vpn-backend/fetch-user-logs?username=vaishnavi HTTP/1.1" 200 791
100.90.249.20 - - [14/Jul/2025:23:39:32 +0530] "GET /vpn-backend/fetch-user-logs?username=vaishnavi HTTP/1.1" 200 791
100.90.249.20 - - [14/Jul/2025:23:39:33 +0530] "GET /vpn-backend/fetch-training-logs?username=vaishnavi HTTP/1.1" 200 81
100.90.249.20 - - [14/Jul/2025:23:39:34 +0530] "GET /vpn-backend/fetch-audit-logs HTTP/1.1" 200 7015
100.90.249.20 - - [14/Jul/2025:23:39:39 +0530] "GET /vpn-backend/fetch-user-logs?username=vaishnavi HTTP/1.1" 200 791
100.90.249.20 - - [14/Jul/2025:23:39:40 +0530] "GET /vpn-backend/fetch-user-logs?username=vaishnavi HTTP/1.1" 200 791
0:0:0:0:0:0:0:1 - - [14/Jul/2025:23:39:42 +0530] "GET /vpn-backend/dashboard.html HTTP/1.1" 304 -
100.90.249.20 - - [14/Jul/2025:23:39:42 +0530] "GET /vpn-backend/fetch-user-logs?username=vaishnavi HTTP/1.1" 200 791
0:0:0:0:0:0:0:1 - - [14/Jul/2025:23:39:45 +0530] "GET /vpn-backend/login.html HTTP/1.1" 304 -
100.90.249.20 - - [14/Jul/2025:23:39:53 +0530] "POST /vpn-backend/login HTTP/1.1" 200 77
0:0:0:0:0:0:0:1 - - [14/Jul/2025:23:39:53 +0530] "GET /vpn-backend/dashboard.html HTTP/1.1" 304 -
100.90.249.20 - - [14/Jul/2025:23:39:53 +0530] "GET /vpn-backend/fetch-user-logs?username=vaishnavi HTTP/1.1" 200 791
100.90.249.20 - - [14/Jul/2025:23:39:56 +0530] "GET /vpn-backend/fetch-user-logs?username=vaishnavi HTTP/1.1" 200 791
100.90.249.20 - - [14/Jul/2025:23:39:58 +0530] "GET /vpn-backend/fetch-training-logs?username=vaishnavi HTTP/1.1" 200 81
100.90.249.20 - - [14/Jul/2025:23:39:59 +0530] "GET /vpn-backend/fetch-audit-logs HTTP/1.1" 200 7168
100.90.249.20 - - [14/Jul/2025:23:41:17 +0530] "POST /vpn-backend/logs HTTP/1.1" 200 43
100.90.249.20 - - [14/Jul/2025:23:41:18 +0530] "GET /vpn-backend/fetch-user-logs?username=vaishnavi HTTP/1.1" 200 1028
100.90.249.20 - - [14/Jul/2025:23:41:19 +0530] "GET /vpn-backend/fetch-user-logs?username=vaishnavi HTTP/1.1" 200 1028
100.90.249.20 - - [14/Jul/2025:23:41:20 +0530] "GET /vpn-backend/fetch-user-logs?username=vaishnavi HTTP/1.1" 200 1028
100.90.249.20 - - [14/Jul/2025:23:41:21 +0530] "GET /vpn-backend/fetch-training-logs?username=vaishnavi HTTP/1.1" 200 81
100.90.249.20 - - [14/Jul/2025:23:41:22 +0530] "GET /vpn-backend/fetch-audit-logs HTTP/1.1" 200 7317
0:0:0:0:0:0:0:1 - - [14/Jul/2025:23:41:26 +0530] "GET /vpn-backend/dashboard.html HTTP/1.1" 304 -
100.90.249.20 - - [14/Jul/2025:23:41:26 +0530] "GET /vpn-backend/fetch-user-logs?username=vaishnavi HTTP/1.1" 200 1028
100.90.249.20 - - [14/Jul/2025:23:41:27 +0530] "GET /vpn-backend/fetch-user-logs?username=vaishnavi HTTP/1.1" 200 1028
100.90.249.20 - - [14/Jul/2025:23:41:29 +0530] "GET /vpn-backend/fetch-audit-logs HTTP/1.1" 200 7317
100.90.249.20 - - [14/Jul/2025:23:41:31 +0530] "GET /vpn-backend/fetch-training-logs?username=vaishnavi HTTP/1.1" 200 81
100.90.249.20 - - [14/Jul/2025:23:41:33 +0530] "GET /vpn-backend/fetch-user-logs?username=vaishnavi HTTP/1.1" 200 1028
0:0:0:0:0:0:0:1 - - [14/Jul/2025:23:42:00 +0530] "GET /vpn-backend/index.html?username=meghana&password=meghana HTTP/1.1" 304 -
0:0:0:0:0:0:0:1 - - [14/Jul/2025:23:42:00 +0530] "GET /vpn-backend/index.html?username=meghana&password=meghana HTTP/1.1" 304 -
0:0:0:0:0:0:0:1 - - [14/Jul/2025:23:42:00 +0530] "GET /vpn-backend/index.html?username=meghana&password=meghana HTTP/1.1" 304 -
0:0:0:0:0:0:0:1 - - [14/Jul/2025:23:43:51 +0530] "GET /vpn-backend/dashboard.html HTTP/1.1" 200 5889
100.90.249.20 - - [14/Jul/2025:23:44:01 +0530] "POST /vpn-backend/login HTTP/1.1" 200 77
0:0:0:0:0:0:0:1 - - [14/Jul/2025:23:44:01 +0530] "GET /vpn-backend/dashboard.html HTTP/1.1" 304 -
100.90.249.20 - - [14/Jul/2025:23:44:10 +0530] "POST /vpn-backend/login HTTP/1.1" 200 77
0:0:0:0:0:0:0:1 - - [14/Jul/2025:23:44:10 +0530] "GET /vpn-backend/dashboard.html HTTP/1.1" 304 -
0:0:0:0:0:0:0:1 - - [14/Jul/2025:23:44:12 +0530] "GET /vpn-backend/dashboard.html HTTP/1.1" 304 -
0:0:0:0:0:0:0:1 - - [14/Jul/2025:23:44:13 +0530] "GET /vpn-backend/dashboard.html HTTP/1.1" 304 -
0:0:0:0:0:0:0:1 - - [14/Jul/2025:23:44:13 +0530] "GET /vpn-backend/dashboard.html HTTP/1.1" 304 -
0:0:0:0:0:0:0:1 - - [14/Jul/2025:23:44:13 +0530] "GET /vpn-backend/dashboard.html HTTP/1.1" 304 -
0:0:0:0:0:0:0:1 - - [14/Jul/2025:23:44:14 +0530] "GET /vpn-backend/dashboard.html HTTP/1.1" 304 -
100.90.249.20 - - [14/Jul/2025:23:44:16 +0530] "POST /vpn-backend/login HTTP/1.1" 200 77
0:0:0:0:0:0:0:1 - - [14/Jul/2025:23:44:16 +0530] "GET /vpn-backend/dashboard.html HTTP/1.1" 304 -
0:0:0:0:0:0:0:1 - - [14/Jul/2025:23:44:20 +0530] "GET /vpn-backend/dashboard.html HTTP/1.1" 304 -
0:0:0:0:0:0:0:1 - - [14/Jul/2025:23:44:22 +0530] "GET /vpn-backend/dashboard.html HTTP/1.1" 304 -
0:0:0:0:0:0:0:1 - - [14/Jul/2025:23:45:30 +0530] "GET /vpn-backend/dashboard.html HTTP/1.1" 200 4850
100.90.249.20 - - [14/Jul/2025:23:45:34 +0530] "POST /vpn-backend/login HTTP/1.1" 200 77
0:0:0:0:0:0:0:1 - - [14/Jul/2025:23:45:34 +0530] "GET /vpn-backend/dashboard.html HTTP/1.1" 304 -
100.90.249.20 - - [14/Jul/2025:23:45:37 +0530] "GET /vpn-backend/fetch-user-logs?username=vaishnavi HTTP/1.1" 200 1028
100.90.249.20 - - [14/Jul/2025:23:45:39 +0530] "GET /vpn-backend/fetch-user-logs?username=vaishnavi HTTP/1.1" 200 1028
100.90.249.20 - - [14/Jul/2025:23:45:41 +0530] "GET /vpn-backend/fetch-training-logs?username=vaishnavi HTTP/1.1" 200 81
100.90.249.20 - - [14/Jul/2025:23:45:44 +0530] "GET /vpn-backend/fetch-audit-logs HTTP/1.1" 200 7927
0:0:0:0:0:0:0:1 - - [14/Jul/2025:23:48:28 +0530] "GET /vpn-backend/dashboard.html HTTP/1.1" 200 7768
100.90.249.20 - - [14/Jul/2025:23:48:30 +0530] "GET /vpn-backend/fetch-user-logs?username=vaishnavi HTTP/1.1" 200 1028
100.90.249.20 - - [14/Jul/2025:23:48:32 +0530] "GET /vpn-backend/fetch-training-logs?username=vaishnavi HTTP/1.1" 200 81
100.90.249.20 - - [14/Jul/2025:23:48:33 +0530] "GET /vpn-backend/fetch-audit-logs HTTP/1.1" 200 7927
0:0:0:0:0:0:0:1 - - [14/Jul/2025:23:49:35 +0530] "GET /vpn-backend/login.html HTTP/1.1" 304 -
0:0:0:0:0:0:0:1 - - [14/Jul/2025:23:56:10 +0530] "GET /vpn-backend/login.html HTTP/1.1" 304 -
100.90.249.20 - - [14/Jul/2025:23:56:16 +0530] "POST /vpn-backend/login HTTP/1.1" 200 77
0:0:0:0:0:0:0:1 - - [14/Jul/2025:23:56:16 +0530] "GET /vpn-backend/dashboard.html HTTP/1.1" 200 9847
100.90.249.20 - - [14/Jul/2025:23:56:20 +0530] "GET /vpn-backend/fetch-user-logs?username=meghana HTTP/1.1" 200 179
100.90.249.20 - - [14/Jul/2025:23:56:23 +0530] "GET /vpn-backend/fetch-training-logs?username=meghana HTTP/1.1" 200 81
100.90.249.20 - - [14/Jul/2025:23:56:25 +0530] "GET /vpn-backend/fetch-training-logs?username=meghana HTTP/1.1" 200 81
100.90.249.20 - - [14/Jul/2025:23:56:25 +0530] "GET /vpn-backend/fetch-training-logs?username=meghana HTTP/1.1" 200 81
100.90.249.20 - - [14/Jul/2025:23:56:26 +0530] "GET /vpn-backend/fetch-audit-logs HTTP/1.1" 200 8078
100.90.249.20 - - [14/Jul/2025:23:56:43 +0530] "POST /vpn-backend/logs HTTP/1.1" 200 43
100.90.249.20 - - [14/Jul/2025:23:56:44 +0530] "GET /vpn-backend/fetch-user-logs?username=meghana HTTP/1.1" 200 402
100.90.249.20 - - [14/Jul/2025:23:56:50 +0530] "GET /vpn-backend/fetch-training-logs?username=meghana HTTP/1.1" 200 81
100.90.249.20 - - [14/Jul/2025:23:56:52 +0530] "GET /vpn-backend/fetch-audit-logs HTTP/1.1" 200 8244
0:0:0:0:0:0:0:1 - - [14/Jul/2025:23:59:55 +0530] "GET /vpn-backend/dashboard.html HTTP/1.1" 200 4704
