100.90.249.20 - - [15/Jul/2025:00:00:00 +0530] "GET /vpn-backend/fetch-user-logs?username=meghana HTTP/1.1" 200 402
100.90.249.20 - - [15/Jul/2025:00:00:01 +0530] "GET /vpn-backend/fetch-training-logs?username=meghana HTTP/1.1" 200 81
100.90.249.20 - - [15/Jul/2025:00:00:05 +0530] "POST /vpn-backend/login HTTP/1.1" 200 77
0:0:0:0:0:0:0:1 - - [15/Jul/2025:00:00:05 +0530] "GET /vpn-backend/dashboard.html HTTP/1.1" 304 -
100.90.249.20 - - [15/Jul/2025:00:00:10 +0530] "GET /vpn-backend/fetch-training-logs?username=meghana HTTP/1.1" 200 81
100.90.249.20 - - [15/Jul/2025:00:00:11 +0530] "GET /vpn-backend/fetch-user-logs?username=meghana HTTP/1.1" 200 402
0:0:0:0:0:0:0:1 - - [15/Jul/2025:00:01:10 +0530] "GET /vpn-backend/dashboard.html HTTP/1.1" 304 -
100.90.249.20 - - [15/Jul/2025:00:01:15 +0530] "GET /vpn-backend/fetch-user-logs?username=meghana HTTP/1.1" 200 402
0:0:0:0:0:0:0:1 - - [15/Jul/2025:00:03:54 +0530] "GET /vpn-backend/dashboard.html HTTP/1.1" 200 9559
100.90.249.20 - - [15/Jul/2025:00:03:54 +0530] "GET /vpn-backend/fetch-training-logs?username=meghana HTTP/1.1" 200 81
100.90.249.20 - - [15/Jul/2025:00:03:54 +0530] "GET /vpn-backend/fetch-audit-logs HTTP/1.1" 200 8395
100.90.249.20 - - [15/Jul/2025:00:03:54 +0530] "GET /vpn-backend/fetch-user-logs?username=meghana HTTP/1.1" 200 402
100.90.249.20 - - [15/Jul/2025:00:03:57 +0530] "GET /vpn-backend/fetch-training-logs?username=meghana HTTP/1.1" 200 81
100.90.249.20 - - [15/Jul/2025:00:03:58 +0530] "GET /vpn-backend/fetch-audit-logs HTTP/1.1" 200 8395
100.90.249.20 - - [15/Jul/2025:00:03:58 +0530] "GET /vpn-backend/fetch-audit-logs HTTP/1.1" 200 8395
100.90.249.20 - - [15/Jul/2025:00:04:21 +0530] "GET /vpn-backend/fetch-user-logs?username=meghana HTTP/1.1" 200 402
100.90.249.20 - - [15/Jul/2025:00:04:21 +0530] "GET /vpn-backend/fetch-user-logs?username=meghana HTTP/1.1" 200 402
100.90.249.20 - - [15/Jul/2025:00:04:22 +0530] "GET /vpn-backend/fetch-user-logs?username=meghana HTTP/1.1" 200 402
100.90.249.20 - - [15/Jul/2025:00:04:26 +0530] "POST /vpn-backend/logs HTTP/1.1" 200 43
100.90.249.20 - - [15/Jul/2025:00:04:27 +0530] "GET /vpn-backend/fetch-user-logs?username=meghana HTTP/1.1" 200 621
100.90.249.20 - - [15/Jul/2025:00:04:30 +0530] "GET /vpn-backend/fetch-training-logs?username=meghana HTTP/1.1" 200 81
0:0:0:0:0:0:0:1 - - [15/Jul/2025:01:00:52 +0530] "GET /vpn-backend/dashboard.html HTTP/1.1" 200 9563
100.90.249.20 - - [15/Jul/2025:01:00:52 +0530] "GET /vpn-backend/fetch-training-logs?username=meghana HTTP/1.1" 200 81
100.90.249.20 - - [15/Jul/2025:01:00:52 +0530] "GET /vpn-backend/fetch-user-logs?username=meghana HTTP/1.1" 200 621
100.90.249.20 - - [15/Jul/2025:01:00:52 +0530] "GET /vpn-backend/fetch-audit-logs HTTP/1.1" 200 8543
100.90.249.20 - - [15/Jul/2025:01:00:54 +0530] "GET /vpn-backend/fetch-user-logs?username=meghana HTTP/1.1" 200 621
100.90.249.20 - - [15/Jul/2025:01:00:54 +0530] "GET /vpn-backend/fetch-user-logs?username=meghana HTTP/1.1" 200 621
100.90.249.20 - - [15/Jul/2025:01:01:00 +0530] "POST /vpn-backend/logs HTTP/1.1" 200 43
100.90.249.20 - - [15/Jul/2025:01:01:02 +0530] "GET /vpn-backend/fetch-user-logs?username=meghana HTTP/1.1" 200 840
100.90.249.20 - - [15/Jul/2025:01:01:03 +0530] "GET /vpn-backend/fetch-user-logs?username=meghana HTTP/1.1" 200 840
100.90.249.20 - - [15/Jul/2025:01:01:04 +0530] "GET /vpn-backend/fetch-training-logs?username=meghana HTTP/1.1" 200 81
0:0:0:0:0:0:0:1 - - [15/Jul/2025:01:01:11 +0530] "GET /vpn-backend/dashboard.html HTTP/1.1" 200 9559
100.90.249.20 - - [15/Jul/2025:01:01:11 +0530] "GET /vpn-backend/fetch-training-logs?username=meghana HTTP/1.1" 200 81
100.90.249.20 - - [15/Jul/2025:01:01:11 +0530] "GET /vpn-backend/fetch-user-logs?username=meghana HTTP/1.1" 200 840
100.90.249.20 - - [15/Jul/2025:01:01:11 +0530] "GET /vpn-backend/fetch-audit-logs HTTP/1.1" 200 8690
100.90.249.20 - - [15/Jul/2025:01:01:14 +0530] "GET /vpn-backend/fetch-training-logs?username=meghana HTTP/1.1" 200 81
100.90.249.20 - - [15/Jul/2025:01:01:15 +0530] "GET /vpn-backend/fetch-training-logs?username=meghana HTTP/1.1" 200 81
100.90.249.20 - - [15/Jul/2025:01:01:16 +0530] "GET /vpn-backend/fetch-audit-logs HTTP/1.1" 200 8690
100.90.249.20 - - [15/Jul/2025:01:01:16 +0530] "GET /vpn-backend/fetch-audit-logs HTTP/1.1" 200 8690
0:0:0:0:0:0:0:1 - - [15/Jul/2025:01:03:22 +0530] "GET /vpn-backend/dashboard.html HTTP/1.1" 304 -
100.90.249.20 - - [15/Jul/2025:01:03:22 +0530] "GET /vpn-backend/fetch-training-logs?username=meghana HTTP/1.1" 200 81
100.90.249.20 - - [15/Jul/2025:01:03:22 +0530] "GET /vpn-backend/fetch-user-logs?username=meghana HTTP/1.1" 200 840
100.90.249.20 - - [15/Jul/2025:01:03:22 +0530] "GET /vpn-backend/fetch-audit-logs HTTP/1.1" 200 8690
0:0:0:0:0:0:0:1 - - [15/Jul/2025:01:12:49 +0530] "GET /vpn-backend/dashboard.html HTTP/1.1" 304 -
100.90.249.20 - - [15/Jul/2025:01:12:49 +0530] "GET /vpn-backend/fetch-training-logs?username=meghana HTTP/1.1" 200 30
100.90.249.20 - - [15/Jul/2025:01:12:49 +0530] "GET /vpn-backend/fetch-user-logs?username=meghana HTTP/1.1" 200 840
100.90.249.20 - - [15/Jul/2025:01:12:49 +0530] "GET /vpn-backend/fetch-audit-logs HTTP/1.1" 200 7086
100.90.249.20 - - [15/Jul/2025:01:12:51 +0530] "GET /vpn-backend/fetch-training-logs?username=meghana HTTP/1.1" 200 30
100.90.249.20 - - [15/Jul/2025:01:12:52 +0530] "GET /vpn-backend/fetch-training-logs?username=meghana HTTP/1.1" 200 30
100.90.249.20 - - [15/Jul/2025:01:12:54 +0530] "GET /vpn-backend/fetch-audit-logs HTTP/1.1" 200 7086
100.90.249.20 - - [15/Jul/2025:01:12:56 +0530] "GET /vpn-backend/fetch-audit-logs HTTP/1.1" 200 7086
100.90.249.20 - - [15/Jul/2025:01:12:56 +0530] "GET /vpn-backend/fetch-audit-logs HTTP/1.1" 200 7086
100.90.249.20 - - [15/Jul/2025:01:12:58 +0530] "GET /vpn-backend/fetch-training-logs?username=meghana HTTP/1.1" 200 30
100.90.249.20 - - [15/Jul/2025:01:12:59 +0530] "GET /vpn-backend/fetch-user-logs?username=meghana HTTP/1.1" 200 840
100.90.249.20 - - [15/Jul/2025:01:13:04 +0530] "POST /vpn-backend/logs HTTP/1.1" 200 43
100.90.249.20 - - [15/Jul/2025:01:13:05 +0530] "GET /vpn-backend/fetch-user-logs?username=meghana HTTP/1.1" 200 1059
100.90.249.20 - - [15/Jul/2025:01:13:07 +0530] "GET /vpn-backend/fetch-training-logs?username=meghana HTTP/1.1" 200 30
100.90.249.20 - - [15/Jul/2025:01:13:07 +0530] "GET /vpn-backend/fetch-training-logs?username=meghana HTTP/1.1" 200 30
100.90.249.20 - - [15/Jul/2025:01:13:09 +0530] "GET /vpn-backend/fetch-audit-logs HTTP/1.1" 200 7212
100.90.249.20 - - [15/Jul/2025:01:13:09 +0530] "GET /vpn-backend/fetch-audit-logs HTTP/1.1" 200 7212
0:0:0:0:0:0:0:1 - - [15/Jul/2025:01:15:15 +0530] "GET /vpn-backend/dashboard.html HTTP/1.1" 304 -
100.90.249.20 - - [15/Jul/2025:01:15:15 +0530] "GET /vpn-backend/fetch-training-logs?username=meghana HTTP/1.1" 200 81
100.90.249.20 - - [15/Jul/2025:01:15:16 +0530] "GET /vpn-backend/fetch-user-logs?username=meghana HTTP/1.1" 200 1059
100.90.249.20 - - [15/Jul/2025:01:15:16 +0530] "GET /vpn-backend/fetch-audit-logs HTTP/1.1" 200 7212
100.90.249.20 - - [15/Jul/2025:01:15:17 +0530] "GET /vpn-backend/fetch-training-logs?username=meghana HTTP/1.1" 200 81
100.90.249.20 - - [15/Jul/2025:01:15:19 +0530] "GET /vpn-backend/fetch-audit-logs HTTP/1.1" 200 7212
100.90.249.20 - - [15/Jul/2025:01:15:19 +0530] "GET /vpn-backend/fetch-audit-logs HTTP/1.1" 200 7212
100.90.249.20 - - [15/Jul/2025:01:15:19 +0530] "GET /vpn-backend/fetch-audit-logs HTTP/1.1" 200 7212
100.90.249.20 - - [15/Jul/2025:01:15:20 +0530] "GET /vpn-backend/fetch-audit-logs HTTP/1.1" 200 7212
100.90.249.20 - - [15/Jul/2025:01:15:22 +0530] "GET /vpn-backend/fetch-audit-logs HTTP/1.1" 200 8837
100.90.249.20 - - [15/Jul/2025:01:15:22 +0530] "GET /vpn-backend/fetch-audit-logs HTTP/1.1" 200 8837
0:0:0:0:0:0:0:1 - - [15/Jul/2025:01:15:26 +0530] "GET /vpn-backend/dashboard.html HTTP/1.1" 304 -
100.90.249.20 - - [15/Jul/2025:01:15:26 +0530] "GET /vpn-backend/fetch-training-logs?username=meghana HTTP/1.1" 200 81
100.90.249.20 - - [15/Jul/2025:01:15:26 +0530] "GET /vpn-backend/fetch-audit-logs HTTP/1.1" 200 8837
100.90.249.20 - - [15/Jul/2025:01:15:26 +0530] "GET /vpn-backend/fetch-user-logs?username=meghana HTTP/1.1" 200 1059
0:0:0:0:0:0:0:1 - - [15/Jul/2025:01:15:27 +0530] "GET /vpn-backend/login.html HTTP/1.1" 304 -
0:0:0:0:0:0:0:1 - - [15/Jul/2025:01:15:29 +0530] "GET /vpn-backend/login.html HTTP/1.1" 304 -
0:0:0:0:0:0:0:1 - - [15/Jul/2025:01:15:31 +0530] "GET /vpn-backend/login.html HTTP/1.1" 304 -
0:0:0:0:0:0:0:1 - - [15/Jul/2025:01:19:54 +0530] "GET /vpn-backend/dashboard.html HTTP/1.1" 304 -
100.90.249.20 - - [15/Jul/2025:01:19:54 +0530] "GET /vpn-backend/fetch-training-logs?username=guest HTTP/1.1" 200 81
100.90.249.20 - - [15/Jul/2025:01:19:54 +0530] "GET /vpn-backend/fetch-user-logs?username=guest HTTP/1.1" 200 30
100.90.249.20 - - [15/Jul/2025:01:19:54 +0530] "GET /vpn-backend/fetch-audit-logs HTTP/1.1" 200 8837
100.90.249.20 - - [15/Jul/2025:01:20:03 +0530] "GET /vpn-backend/fetch-user-logs?username=guest HTTP/1.1" 200 30
100.90.249.20 - - [15/Jul/2025:01:20:07 +0530] "GET /vpn-backend/fetch-training-logs?username=guest HTTP/1.1" 200 81
100.90.249.20 - - [15/Jul/2025:01:20:07 +0530] "GET /vpn-backend/fetch-training-logs?username=guest HTTP/1.1" 200 81
100.90.249.20 - - [15/Jul/2025:01:20:08 +0530] "GET /vpn-backend/fetch-audit-logs HTTP/1.1" 200 8837
100.90.249.20 - - [15/Jul/2025:01:20:09 +0530] "GET /vpn-backend/fetch-audit-logs HTTP/1.1" 200 8837
0:0:0:0:0:0:0:1 - - [15/Jul/2025:01:27:31 +0530] "GET /vpn-backend/dashboard.html HTTP/1.1" 304 -
100.90.249.20 - - [15/Jul/2025:01:27:31 +0530] "GET /vpn-backend/fetch-training-logs?username=guest HTTP/1.1" 404 787
100.90.249.20 - - [15/Jul/2025:01:27:31 +0530] "GET /vpn-backend/fetch-audit-logs HTTP/1.1" 404 784
100.90.249.20 - - [15/Jul/2025:01:27:32 +0530] "GET /vpn-backend/fetch-user-logs?username=guest HTTP/1.1" 200 30
0:0:0:0:0:0:0:1 - - [15/Jul/2025:01:27:32 +0530] "GET /vpn-backend/dashboard.html HTTP/1.1" 304 -
100.90.249.20 - - [15/Jul/2025:01:27:32 +0530] "GET /vpn-backend/fetch-audit-logs HTTP/1.1" 404 784
100.90.249.20 - - [15/Jul/2025:01:27:32 +0530] "GET /vpn-backend/fetch-training-logs?username=guest HTTP/1.1" 404 787
100.90.249.20 - - [15/Jul/2025:01:27:32 +0530] "GET /vpn-backend/fetch-user-logs?username=guest HTTP/1.1" 200 30
0:0:0:0:0:0:0:1 - - [15/Jul/2025:01:27:32 +0530] "GET /vpn-backend/dashboard.html HTTP/1.1" 304 -
100.90.249.20 - - [15/Jul/2025:01:27:32 +0530] "GET /vpn-backend/fetch-audit-logs HTTP/1.1" 404 784
100.90.249.20 - - [15/Jul/2025:01:27:32 +0530] "GET /vpn-backend/fetch-training-logs?username=guest HTTP/1.1" 404 787
100.90.249.20 - - [15/Jul/2025:01:27:32 +0530] "GET /vpn-backend/fetch-user-logs?username=guest HTTP/1.1" 200 30
100.90.249.20 - - [15/Jul/2025:01:27:34 +0530] "GET /vpn-backend/fetch-training-logs?username=guest HTTP/1.1" 404 787
100.90.249.20 - - [15/Jul/2025:01:27:34 +0530] "GET /vpn-backend/fetch-training-logs?username=guest HTTP/1.1" 404 787
100.90.249.20 - - [15/Jul/2025:01:27:34 +0530] "GET /vpn-backend/fetch-training-logs?username=guest HTTP/1.1" 404 787
100.90.249.20 - - [15/Jul/2025:01:27:36 +0530] "GET /vpn-backend/fetch-user-logs?username=guest HTTP/1.1" 200 30
100.90.249.20 - - [15/Jul/2025:01:27:39 +0530] "GET /vpn-backend/fetch-audit-logs HTTP/1.1" 404 784
0:0:0:0:0:0:0:1 - - [15/Jul/2025:01:28:10 +0530] "GET /vpn-backend/dashboard.html HTTP/1.1" 200 7571
100.90.249.20 - - [15/Jul/2025:01:28:10 +0530] "GET /vpn-backend/fetch-training-logs HTTP/1.1" 404 787
100.90.249.20 - - [15/Jul/2025:01:28:10 +0530] "GET /vpn-backend/fetch-audit-logs HTTP/1.1" 404 784
100.90.249.20 - - [15/Jul/2025:01:28:10 +0530] "GET /vpn-backend/fetch-user-logs?username=guest HTTP/1.1" 200 30
0:0:0:0:0:0:0:1 - - [15/Jul/2025:01:28:10 +0530] "GET /vpn-backend/dashboard.html HTTP/1.1" 304 -
100.90.249.20 - - [15/Jul/2025:01:28:10 +0530] "GET /vpn-backend/fetch-training-logs HTTP/1.1" 404 787
100.90.249.20 - - [15/Jul/2025:01:28:10 +0530] "GET /vpn-backend/fetch-audit-logs HTTP/1.1" 404 784
100.90.249.20 - - [15/Jul/2025:01:28:10 +0530] "GET /vpn-backend/fetch-user-logs?username=guest HTTP/1.1" 200 30
0:0:0:0:0:0:0:1 - - [15/Jul/2025:01:28:11 +0530] "GET /vpn-backend/dashboard.html HTTP/1.1" 304 -
100.90.249.20 - - [15/Jul/2025:01:28:11 +0530] "GET /vpn-backend/fetch-training-logs HTTP/1.1" 404 787
100.90.249.20 - - [15/Jul/2025:01:28:11 +0530] "GET /vpn-backend/fetch-audit-logs HTTP/1.1" 404 784
100.90.249.20 - - [15/Jul/2025:01:28:11 +0530] "GET /vpn-backend/fetch-user-logs?username=guest HTTP/1.1" 200 30
0:0:0:0:0:0:0:1 - - [15/Jul/2025:01:28:11 +0530] "GET /vpn-backend/dashboard.html HTTP/1.1" 304 -
100.90.249.20 - - [15/Jul/2025:01:28:11 +0530] "GET /vpn-backend/fetch-training-logs HTTP/1.1" 404 787
100.90.249.20 - - [15/Jul/2025:01:28:11 +0530] "GET /vpn-backend/fetch-audit-logs HTTP/1.1" 404 784
100.90.249.20 - - [15/Jul/2025:01:28:11 +0530] "GET /vpn-backend/fetch-user-logs?username=guest HTTP/1.1" 200 30
0:0:0:0:0:0:0:1 - - [15/Jul/2025:01:28:11 +0530] "GET /vpn-backend/dashboard.html HTTP/1.1" 304 -
100.90.249.20 - - [15/Jul/2025:01:28:11 +0530] "GET /vpn-backend/fetch-training-logs HTTP/1.1" 404 787
100.90.249.20 - - [15/Jul/2025:01:28:11 +0530] "GET /vpn-backend/fetch-audit-logs HTTP/1.1" 404 784
100.90.249.20 - - [15/Jul/2025:01:28:11 +0530] "GET /vpn-backend/fetch-user-logs?username=guest HTTP/1.1" 200 30
0:0:0:0:0:0:0:1 - - [15/Jul/2025:01:28:11 +0530] "GET /vpn-backend/dashboard.html HTTP/1.1" 304 -
100.90.249.20 - - [15/Jul/2025:01:28:11 +0530] "GET /vpn-backend/fetch-training-logs HTTP/1.1" 404 787
100.90.249.20 - - [15/Jul/2025:01:28:11 +0530] "GET /vpn-backend/fetch-audit-logs HTTP/1.1" 404 784
100.90.249.20 - - [15/Jul/2025:01:28:11 +0530] "GET /vpn-backend/fetch-user-logs?username=guest HTTP/1.1" 200 30
100.90.249.20 - - [15/Jul/2025:01:28:12 +0530] "GET /vpn-backend/fetch-user-logs?username=guest HTTP/1.1" 200 30
100.90.249.20 - - [15/Jul/2025:01:28:13 +0530] "GET /vpn-backend/fetch-user-logs?username=guest HTTP/1.1" 200 30
100.90.249.20 - - [15/Jul/2025:01:28:14 +0530] "GET /vpn-backend/fetch-training-logs HTTP/1.1" 404 787
100.90.249.20 - - [15/Jul/2025:01:28:14 +0530] "GET /vpn-backend/fetch-training-logs HTTP/1.1" 404 787
100.90.249.20 - - [15/Jul/2025:01:28:15 +0530] "GET /vpn-backend/fetch-audit-logs HTTP/1.1" 404 784
100.90.249.20 - - [15/Jul/2025:01:28:15 +0530] "GET /vpn-backend/fetch-audit-logs HTTP/1.1" 404 784
0:0:0:0:0:0:0:1 - - [15/Jul/2025:01:28:27 +0530] "GET /vpn-backend/login.html HTTP/1.1" 304 -
0:0:0:0:0:0:0:1 - - [15/Jul/2025:01:28:28 +0530] "GET /vpn-backend/login.html HTTP/1.1" 304 -
100.90.249.20 - - [15/Jul/2025:01:28:35 +0530] "POST /vpn-backend/login HTTP/1.1" 200 77
0:0:0:0:0:0:0:1 - - [15/Jul/2025:01:28:35 +0530] "GET /vpn-backend/dashboard.html HTTP/1.1" 304 -
100.90.249.20 - - [15/Jul/2025:01:28:35 +0530] "GET /vpn-backend/fetch-training-logs HTTP/1.1" 404 787
100.90.249.20 - - [15/Jul/2025:01:28:35 +0530] "GET /vpn-backend/fetch-audit-logs HTTP/1.1" 404 784
100.90.249.20 - - [15/Jul/2025:01:28:35 +0530] "GET /vpn-backend/fetch-user-logs?username=vaishnavi HTTP/1.1" 200 1028
100.90.249.20 - - [15/Jul/2025:01:28:38 +0530] "GET /vpn-backend/fetch-training-logs HTTP/1.1" 404 787
100.90.249.20 - - [15/Jul/2025:01:28:39 +0530] "GET /vpn-backend/fetch-training-logs HTTP/1.1" 404 787
100.90.249.20 - - [15/Jul/2025:01:28:41 +0530] "GET /vpn-backend/fetch-audit-logs HTTP/1.1" 404 784
100.90.249.20 - - [15/Jul/2025:01:28:41 +0530] "GET /vpn-backend/fetch-audit-logs HTTP/1.1" 404 784
100.90.249.20 - - [15/Jul/2025:01:28:47 +0530] "GET /vpn-backend/fetch-training-logs HTTP/1.1" 404 787
100.90.249.20 - - [15/Jul/2025:01:28:47 +0530] "GET /vpn-backend/fetch-training-logs HTTP/1.1" 404 787
100.90.249.20 - - [15/Jul/2025:01:28:48 +0530] "GET /vpn-backend/fetch-training-logs HTTP/1.1" 404 787
127.0.0.1 - - [15/Jul/2025:01:29:08 +0530] "GET / HTTP/1.1" 404 752
0:0:0:0:0:0:0:1 - - [15/Jul/2025:01:29:20 +0530] "GET /vpn-backend/dashboard.html HTTP/1.1" 304 -
100.90.249.20 - - [15/Jul/2025:01:29:20 +0530] "GET /vpn-backend/fetch-training-logs HTTP/1.1" 405 752
100.90.249.20 - - [15/Jul/2025:01:29:22 +0530] "GET /vpn-backend/fetch-user-logs?username=vaishnavi HTTP/1.1" 200 1028
100.90.249.20 - - [15/Jul/2025:01:29:22 +0530] "GET /vpn-backend/fetch-audit-logs HTTP/1.1" 200 9024
100.90.249.20 - - [15/Jul/2025:01:29:27 +0530] "GET /vpn-backend/fetch-training-logs HTTP/1.1" 405 752
100.90.249.20 - - [15/Jul/2025:01:29:27 +0530] "GET /vpn-backend/fetch-training-logs HTTP/1.1" 405 752
100.90.249.20 - - [15/Jul/2025:01:29:28 +0530] "GET /vpn-backend/fetch-training-logs HTTP/1.1" 405 752
100.90.249.20 - - [15/Jul/2025:01:29:39 +0530] "GET /vpn-backend/fetch-training-logs HTTP/1.1" 405 752
100.90.249.20 - - [15/Jul/2025:01:29:39 +0530] "GET /vpn-backend/fetch-training-logs HTTP/1.1" 405 752
100.90.249.20 - - [15/Jul/2025:01:29:40 +0530] "GET /vpn-backend/fetch-training-logs HTTP/1.1" 405 752
100.90.249.20 - - [15/Jul/2025:01:30:17 +0530] "GET /vpn-backend/fetch-training-logs HTTP/1.1" 405 752
0:0:0:0:0:0:0:1 - - [15/Jul/2025:01:32:26 +0530] "GET /vpn-backend/dashboard.html HTTP/1.1" 200 8148
100.90.249.20 - - [15/Jul/2025:01:32:26 +0530] "GET /vpn-backend/fetch-user-logs?username=vaishnavi HTTP/1.1" 200 1028
100.90.249.20 - - [15/Jul/2025:01:32:26 +0530] "GET /vpn-backend/fetch-audit-logs HTTP/1.1" 200 9024
100.90.249.20 - - [15/Jul/2025:01:32:26 +0530] "POST /vpn-backend/fetch-training-logs HTTP/1.1" 200 803
100.90.249.20 - - [15/Jul/2025:01:32:31 +0530] "GET /vpn-backend/fetch-audit-logs HTTP/1.1" 200 9024
0:0:0:0:0:0:0:1 - - [15/Jul/2025:01:37:08 +0530] "GET /vpn-backend/index.html HTTP/1.1" 404 778
0:0:0:0:0:0:0:1 - - [15/Jul/2025:01:37:10 +0530] "GET /vpn-backend/index.html HTTP/1.1" 404 778
0:0:0:0:0:0:0:1 - - [15/Jul/2025:01:37:10 +0530] "GET /vpn-backend/index.html HTTP/1.1" 404 778
0:0:0:0:0:0:0:1 - - [15/Jul/2025:01:37:11 +0530] "GET /vpn-backend/index.html HTTP/1.1" 404 778
0:0:0:0:0:0:0:1 - - [15/Jul/2025:01:38:08 +0530] "GET /vpn-backend/index.html HTTP/1.1" 200 7157
0:0:0:0:0:0:0:1 - - [15/Jul/2025:01:38:08 +0530] "GET /vpn-backend/dashboard.html HTTP/1.1" 304 -
100.90.249.20 - - [15/Jul/2025:01:38:08 +0530] "GET /vpn-backend/fetch-user-logs?username=vaishnavi HTTP/1.1" 200 1028
100.90.249.20 - - [15/Jul/2025:01:38:08 +0530] "POST /vpn-backend/fetch-training-logs HTTP/1.1" 200 803
100.90.249.20 - - [15/Jul/2025:01:38:08 +0530] "GET /vpn-backend/fetch-audit-logs HTTP/1.1" 200 9024
0:0:0:0:0:0:0:1 - - [15/Jul/2025:01:40:56 +0530] "GET /vpn-backend/dashboard.html HTTP/1.1" 304 -
100.90.249.20 - - [15/Jul/2025:01:40:56 +0530] "POST /vpn-backend/fetch-training-logs HTTP/1.1" 200 803
100.90.249.20 - - [15/Jul/2025:01:40:56 +0530] "GET /vpn-backend/fetch-user-logs?username=vaishnavi HTTP/1.1" 200 1028
100.90.249.20 - - [15/Jul/2025:01:40:56 +0530] "GET /vpn-backend/fetch-audit-logs HTTP/1.1" 200 9024
0:0:0:0:0:0:0:1 - - [15/Jul/2025:01:46:23 +0530] "GET /vpn-backend/index.html HTTP/1.1" 200 6568
0:0:0:0:0:0:0:1 - - [15/Jul/2025:01:46:25 +0530] "GET /vpn-backend/index.html HTTP/1.1" 304 -
0:0:0:0:0:0:0:1 - - [15/Jul/2025:01:46:25 +0530] "GET /vpn-backend/index.html HTTP/1.1" 304 -
0:0:0:0:0:0:0:1 - - [15/Jul/2025:01:46:57 +0530] "GET /vpn-backend/index.html HTTP/1.1" 200 20438
100.90.249.20 - - [15/Jul/2025:01:46:57 +0530] "GET /vpn-backend/status HTTP/1.1" 404 774
100.90.249.20 - - [15/Jul/2025:01:47:13 +0530] "POST /vpn-backend/login HTTP/1.1" 200 77
0:0:0:0:0:0:0:1 - - [15/Jul/2025:01:47:14 +0530] "GET /vpn-backend/dashboard.html HTTP/1.1" 304 -
100.90.249.20 - - [15/Jul/2025:01:47:14 +0530] "POST /vpn-backend/fetch-training-logs HTTP/1.1" 200 39
100.90.249.20 - - [15/Jul/2025:01:47:14 +0530] "GET /vpn-backend/fetch-user-logs?username=meghana HTTP/1.1" 200 1059
100.90.249.20 - - [15/Jul/2025:01:47:14 +0530] "GET /vpn-backend/fetch-audit-logs HTTP/1.1" 200 9175
100.90.249.20 - - [15/Jul/2025:01:47:22 +0530] "POST /vpn-backend/fetch-training-logs HTTP/1.1" 200 39
100.90.249.20 - - [15/Jul/2025:01:47:22 +0530] "POST /vpn-backend/fetch-training-logs HTTP/1.1" 200 39
0:0:0:0:0:0:0:1 - - [15/Jul/2025:01:47:29 +0530] "GET /vpn-backend/dashboard.html HTTP/1.1" 304 -
100.90.249.20 - - [15/Jul/2025:01:47:29 +0530] "POST /vpn-backend/fetch-training-logs HTTP/1.1" 200 39
100.90.249.20 - - [15/Jul/2025:01:47:29 +0530] "GET /vpn-backend/fetch-audit-logs HTTP/1.1" 200 9175
100.90.249.20 - - [15/Jul/2025:01:47:29 +0530] "GET /vpn-backend/fetch-user-logs?username=meghana HTTP/1.1" 200 1059
100.90.249.20 - - [15/Jul/2025:01:47:34 +0530] "POST /vpn-backend/fetch-training-logs HTTP/1.1" 200 39
100.90.249.20 - - [15/Jul/2025:01:47:34 +0530] "POST /vpn-backend/fetch-training-logs HTTP/1.1" 200 39
0:0:0:0:0:0:0:1 - - [15/Jul/2025:01:47:39 +0530] "GET /vpn-backend/dashboard.html HTTP/1.1" 304 -
100.90.249.20 - - [15/Jul/2025:01:47:39 +0530] "POST /vpn-backend/fetch-training-logs HTTP/1.1" 200 39
100.90.249.20 - - [15/Jul/2025:01:47:39 +0530] "GET /vpn-backend/fetch-user-logs?username=meghana HTTP/1.1" 200 1059
100.90.249.20 - - [15/Jul/2025:01:47:39 +0530] "GET /vpn-backend/fetch-audit-logs HTTP/1.1" 200 9175
100.90.249.20 - - [15/Jul/2025:01:47:41 +0530] "POST /vpn-backend/fetch-training-logs HTTP/1.1" 200 39
100.90.249.20 - - [15/Jul/2025:01:47:41 +0530] "POST /vpn-backend/fetch-training-logs HTTP/1.1" 200 39
100.90.249.20 - - [15/Jul/2025:01:47:41 +0530] "POST /vpn-backend/fetch-training-logs HTTP/1.1" 200 39
100.90.249.20 - - [15/Jul/2025:01:47:45 +0530] "POST /vpn-backend/fetch-training-logs HTTP/1.1" 200 39
100.90.249.20 - - [15/Jul/2025:01:48:11 +0530] "POST /vpn-backend/logs HTTP/1.1" 200 43
100.90.249.20 - - [15/Jul/2025:01:48:12 +0530] "GET /vpn-backend/fetch-user-logs?username=meghana HTTP/1.1" 200 1278
100.90.249.20 - - [15/Jul/2025:01:48:15 +0530] "POST /vpn-backend/fetch-training-logs HTTP/1.1" 200 39
100.90.249.20 - - [15/Jul/2025:01:48:15 +0530] "POST /vpn-backend/fetch-training-logs HTTP/1.1" 200 39
100.90.249.20 - - [15/Jul/2025:01:48:15 +0530] "POST /vpn-backend/fetch-training-logs HTTP/1.1" 200 39
100.90.249.20 - - [15/Jul/2025:01:48:16 +0530] "POST /vpn-backend/fetch-training-logs HTTP/1.1" 200 39
0:0:0:0:0:0:0:1 - - [15/Jul/2025:01:48:18 +0530] "GET /vpn-backend/login.html HTTP/1.1" 304 -
100.90.249.20 - - [15/Jul/2025:01:48:25 +0530] "POST /vpn-backend/login HTTP/1.1" 200 77
100.90.249.20 - - [15/Jul/2025:01:48:25 +0530] "POST /vpn-backend/fetch-training-logs HTTP/1.1" 200 803
100.90.249.20 - - [15/Jul/2025:01:48:25 +0530] "GET /vpn-backend/fetch-user-logs?username=vaishnavi HTTP/1.1" 200 1028
100.90.249.20 - - [15/Jul/2025:01:48:25 +0530] "GET /vpn-backend/fetch-audit-logs HTTP/1.1" 200 9475
0:0:0:0:0:0:0:1 - - [15/Jul/2025:01:48:37 +0530] "GET /vpn-backend/login.html HTTP/1.1" 304 -
0:0:0:0:0:0:0:1 - - [15/Jul/2025:01:48:43 +0530] "GET /vpn-backend/dashboard.html HTTP/1.1" 304 -
100.90.249.20 - - [15/Jul/2025:01:48:43 +0530] "GET /vpn-backend/fetch-user-logs?username=guest HTTP/1.1" 200 30
100.90.249.20 - - [15/Jul/2025:01:48:43 +0530] "POST /vpn-backend/fetch-training-logs HTTP/1.1" 200 39
100.90.249.20 - - [15/Jul/2025:01:48:43 +0530] "GET /vpn-backend/fetch-audit-logs HTTP/1.1" 200 9475
0:0:0:0:0:0:0:1 - - [15/Jul/2025:01:48:44 +0530] "GET /vpn-backend/dashboard.html HTTP/1.1" 304 -
100.90.249.20 - - [15/Jul/2025:01:48:44 +0530] "POST /vpn-backend/fetch-training-logs HTTP/1.1" 200 39
100.90.249.20 - - [15/Jul/2025:01:48:44 +0530] "GET /vpn-backend/fetch-audit-logs HTTP/1.1" 200 9475
100.90.249.20 - - [15/Jul/2025:01:48:44 +0530] "GET /vpn-backend/fetch-user-logs?username=guest HTTP/1.1" 200 30
0:0:0:0:0:0:0:1 - - [15/Jul/2025:01:48:44 +0530] "GET /vpn-backend/dashboard.html HTTP/1.1" 304 -
100.90.249.20 - - [15/Jul/2025:01:48:44 +0530] "GET /vpn-backend/fetch-user-logs?username=guest HTTP/1.1" 200 30
100.90.249.20 - - [15/Jul/2025:01:48:44 +0530] "POST /vpn-backend/fetch-training-logs HTTP/1.1" 200 39
100.90.249.20 - - [15/Jul/2025:01:48:44 +0530] "GET /vpn-backend/fetch-audit-logs HTTP/1.1" 200 9475
0:0:0:0:0:0:0:1 - - [15/Jul/2025:01:48:49 +0530] "GET /vpn-backend/login.html HTTP/1.1" 304 -
0:0:0:0:0:0:0:1 - - [15/Jul/2025:01:48:49 +0530] "GET /vpn-backend/login.html HTTP/1.1" 304 -
0:0:0:0:0:0:0:1 - - [15/Jul/2025:01:48:50 +0530] "GET /vpn-backend/login.html HTTP/1.1" 304 -
0:0:0:0:0:0:0:1 - - [15/Jul/2025:01:48:50 +0530] "GET /vpn-backend/login.html HTTP/1.1" 304 -
0:0:0:0:0:0:0:1 - - [15/Jul/2025:01:48:50 +0530] "GET /vpn-backend/login.html HTTP/1.1" 304 -
0:0:0:0:0:0:0:1 - - [15/Jul/2025:01:48:57 +0530] "GET /vpn-backend/index.html HTTP/1.1" 304 -
100.90.249.20 - - [15/Jul/2025:01:48:57 +0530] "GET /vpn-backend/status HTTP/1.1" 404 774
0:0:0:0:0:0:0:1 - - [15/Jul/2025:01:48:58 +0530] "GET /vpn-backend/index.html HTTP/1.1" 304 -
100.90.249.20 - - [15/Jul/2025:01:48:58 +0530] "GET /vpn-backend/status HTTP/1.1" 404 774
100.90.249.20 - - [15/Jul/2025:01:49:10 +0530] "POST /vpn-backend/login HTTP/1.1" 200 77
100.90.249.20 - - [15/Jul/2025:01:49:12 +0530] "POST /vpn-backend/fetch-training-logs HTTP/1.1" 200 39
100.90.249.20 - - [15/Jul/2025:01:49:12 +0530] "GET /vpn-backend/fetch-user-logs?username=meghana HTTP/1.1" 200 1278
100.90.249.20 - - [15/Jul/2025:01:49:12 +0530] "GET /vpn-backend/fetch-audit-logs HTTP/1.1" 200 9626
0:0:0:0:0:0:0:1 - - [15/Jul/2025:01:49:19 +0530] "GET /vpn-backend/login.html HTTP/1.1" 304 -
0:0:0:0:0:0:0:1 - - [15/Jul/2025:01:49:20 +0530] "GET /vpn-backend/login.html HTTP/1.1" 304 -
0:0:0:0:0:0:0:1 - - [15/Jul/2025:01:49:24 +0530] "GET /vpn-backend/index.html HTTP/1.1" 304 -
100.90.249.20 - - [15/Jul/2025:01:49:24 +0530] "GET /vpn-backend/status HTTP/1.1" 404 774
100.90.249.20 - - [15/Jul/2025:01:49:36 +0530] "GET /vpn-backend/status HTTP/1.1" 404 774
127.0.0.1 - - [15/Jul/2025:01:49:54 +0530] "GET / HTTP/1.1" 404 752
100.90.249.20 - - [15/Jul/2025:01:49:54 +0530] "GET /vpn-backend/status HTTP/1.1" 404 774
0:0:0:0:0:0:0:1 - - [15/Jul/2025:01:49:56 +0530] "GET /vpn-backend/index.html HTTP/1.1" 304 -
100.90.249.20 - - [15/Jul/2025:01:49:56 +0530] "GET /vpn-backend/status HTTP/1.1" 404 774
100.90.249.20 - - [15/Jul/2025:01:50:03 +0530] "POST /vpn-backend/login HTTP/1.1" 200 77
100.90.249.20 - - [15/Jul/2025:01:50:05 +0530] "POST /vpn-backend/fetch-training-logs HTTP/1.1" 200 803
100.90.249.20 - - [15/Jul/2025:01:50:05 +0530] "GET /vpn-backend/fetch-user-logs?username=vaishnavi HTTP/1.1" 200 1028
100.90.249.20 - - [15/Jul/2025:01:50:05 +0530] "GET /vpn-backend/fetch-audit-logs HTTP/1.1" 200 9779
0:0:0:0:0:0:0:1 - - [15/Jul/2025:01:50:19 +0530] "GET /vpn-backend/login.html HTTP/1.1" 304 -
100.90.249.20 - - [15/Jul/2025:01:50:24 +0530] "GET /vpn-backend/status HTTP/1.1" 404 774
100.90.249.20 - - [15/Jul/2025:01:50:54 +0530] "GET /vpn-backend/status HTTP/1.1" 404 774
100.90.249.20 - - [15/Jul/2025:01:51:14 +0530] "POST /vpn-backend/login HTTP/1.1" 200 77
0:0:0:0:0:0:0:1 - - [15/Jul/2025:01:51:16 +0530] "GET /vpn-backend/dashboard.html HTTP/1.1" 304 -
100.90.249.20 - - [15/Jul/2025:01:51:16 +0530] "GET /vpn-backend/fetch-user-logs?username=vaishnavi HTTP/1.1" 200 1028
100.90.249.20 - - [15/Jul/2025:01:51:16 +0530] "GET /vpn-backend/fetch-audit-logs HTTP/1.1" 200 9932
100.90.249.20 - - [15/Jul/2025:01:51:16 +0530] "POST /vpn-backend/fetch-training-logs HTTP/1.1" 200 803
0:0:0:0:0:0:0:1 - - [15/Jul/2025:01:51:21 +0530] "GET /vpn-backend/login.html HTTP/1.1" 304 -
0:0:0:0:0:0:0:1 - - [15/Jul/2025:01:51:23 +0530] "GET /vpn-backend/login.html HTTP/1.1" 304 -
0:0:0:0:0:0:0:1 - - [15/Jul/2025:01:51:23 +0530] "GET /vpn-backend/login.html HTTP/1.1" 304 -
100.90.249.20 - - [15/Jul/2025:01:51:25 +0530] "GET /vpn-backend/status HTTP/1.1" 404 774
0:0:0:0:0:0:0:1 - - [15/Jul/2025:01:51:27 +0530] "GET /vpn-backend/index.html HTTP/1.1" 304 -
100.90.249.20 - - [15/Jul/2025:01:51:27 +0530] "GET /vpn-backend/status HTTP/1.1" 404 774
100.90.249.20 - - [15/Jul/2025:01:51:57 +0530] "GET /vpn-backend/status HTTP/1.1" 404 774
100.90.249.20 - - [15/Jul/2025:01:52:27 +0530] "GET /vpn-backend/status HTTP/1.1" 404 774
100.90.249.20 - - [15/Jul/2025:01:52:57 +0530] "GET /vpn-backend/status HTTP/1.1" 404 774
100.90.249.20 - - [15/Jul/2025:01:53:27 +0530] "GET /vpn-backend/status HTTP/1.1" 404 774
100.90.249.20 - - [15/Jul/2025:01:53:57 +0530] "GET /vpn-backend/status HTTP/1.1" 404 774
100.90.249.20 - - [15/Jul/2025:01:54:27 +0530] "GET /vpn-backend/status HTTP/1.1" 404 774
0:0:0:0:0:0:0:1 - - [15/Jul/2025:01:54:29 +0530] "GET /vpn-backend/index.html HTTP/1.1" 304 -
100.90.249.20 - - [15/Jul/2025:01:54:29 +0530] "GET /vpn-backend/status HTTP/1.1" 404 774
100.90.249.20 - - [15/Jul/2025:01:54:35 +0530] "POST /vpn-backend/login HTTP/1.1" 200 77
0:0:0:0:0:0:0:1 - - [15/Jul/2025:01:54:36 +0530] "GET /vpn-backend/dashboard.html HTTP/1.1" 200 8148
100.90.249.20 - - [15/Jul/2025:01:54:36 +0530] "GET /vpn-backend/fetch-user-logs?username=vaishnavi HTTP/1.1" 200 1028
100.90.249.20 - - [15/Jul/2025:01:54:36 +0530] "POST /vpn-backend/fetch-training-logs HTTP/1.1" 200 803
100.90.249.20 - - [15/Jul/2025:01:54:36 +0530] "GET /vpn-backend/fetch-audit-logs HTTP/1.1" 200 10085
100.90.249.20 - - [15/Jul/2025:01:54:40 +0530] "GET /vpn-backend/status HTTP/1.1" 404 774
0:0:0:0:0:0:0:1 - - [15/Jul/2025:01:54:42 +0530] "GET /vpn-backend/index.html HTTP/1.1" 304 -
100.90.249.20 - - [15/Jul/2025:01:54:42 +0530] "GET /vpn-backend/status HTTP/1.1" 404 774
100.90.249.20 - - [15/Jul/2025:01:55:12 +0530] "GET /vpn-backend/status HTTP/1.1" 404 774
0:0:0:0:0:0:0:1 - - [15/Jul/2025:01:55:30 +0530] "GET /vpn-backend/login.html HTTP/1.1" 304 -
0:0:0:0:0:0:0:1 - - [15/Jul/2025:01:55:31 +0530] "GET /vpn-backend/login.html HTTP/1.1" 304 -
100.90.249.20 - - [15/Jul/2025:01:55:43 +0530] "GET /vpn-backend/status HTTP/1.1" 404 774
100.90.249.20 - - [15/Jul/2025:01:56:13 +0530] "GET /vpn-backend/status HTTP/1.1" 404 774
100.90.249.20 - - [15/Jul/2025:01:56:43 +0530] "GET /vpn-backend/status HTTP/1.1" 404 774
100.90.249.20 - - [15/Jul/2025:01:57:13 +0530] "GET /vpn-backend/status HTTP/1.1" 404 774
100.90.249.20 - - [15/Jul/2025:01:57:43 +0530] "GET /vpn-backend/status HTTP/1.1" 404 774
100.90.249.20 - - [15/Jul/2025:01:58:27 +0530] "GET /vpn-backend/status HTTP/1.1" 404 774
100.90.249.20 - - [15/Jul/2025:01:59:19 +0530] "GET /vpn-backend/status HTTP/1.1" 404 774
0:0:0:0:0:0:0:1 - - [15/Jul/2025:01:59:20 +0530] "GET /vpn-backend/index.html HTTP/1.1" 304 -
100.90.249.20 - - [15/Jul/2025:01:59:20 +0530] "GET /vpn-backend/status HTTP/1.1" 404 774
100.90.249.20 - - [15/Jul/2025:01:59:27 +0530] "POST /vpn-backend/login HTTP/1.1" 200 77
0:0:0:0:0:0:0:1 - - [15/Jul/2025:01:59:29 +0530] "GET /vpn-backend/dashboard.html HTTP/1.1" 200 12221
100.90.249.20 - - [15/Jul/2025:01:59:29 +0530] "POST /vpn-backend/fetch-training-logs HTTP/1.1" 200 39
100.90.249.20 - - [15/Jul/2025:01:59:29 +0530] "GET /vpn-backend/fetch-user-logs?username=meghana HTTP/1.1" 200 1278
100.90.249.20 - - [15/Jul/2025:01:59:29 +0530] "GET /vpn-backend/fetch-audit-logs HTTP/1.1" 200 10236
100.90.249.20 - - [15/Jul/2025:01:59:36 +0530] "GET /vpn-backend/fetch-audit-logs HTTP/1.1" 200 10236
0:0:0:0:0:0:0:1 - - [15/Jul/2025:01:59:50 +0530] "GET /vpn-backend/dashboard.html HTTP/1.1" 304 -
100.90.249.20 - - [15/Jul/2025:01:59:50 +0530] "POST /vpn-backend/fetch-training-logs HTTP/1.1" 200 39
100.90.249.20 - - [15/Jul/2025:01:59:50 +0530] "GET /vpn-backend/fetch-user-logs?username=meghana HTTP/1.1" 200 1278
100.90.249.20 - - [15/Jul/2025:01:59:50 +0530] "GET /vpn-backend/fetch-audit-logs HTTP/1.1" 200 10236
100.90.249.20 - - [15/Jul/2025:01:59:52 +0530] "GET /vpn-backend/status HTTP/1.1" 404 774
0:0:0:0:0:0:0:1 - - [15/Jul/2025:01:59:54 +0530] "GET /vpn-backend/index.html HTTP/1.1" 304 -
100.90.249.20 - - [15/Jul/2025:01:59:54 +0530] "GET /vpn-backend/status HTTP/1.1" 404 774
100.90.249.20 - - [15/Jul/2025:02:00:24 +0530] "GET /vpn-backend/status HTTP/1.1" 404 774
100.90.249.20 - - [15/Jul/2025:02:00:32 +0530] "POST /vpn-backend/login HTTP/1.1" 200 77
0:0:0:0:0:0:0:1 - - [15/Jul/2025:02:00:33 +0530] "GET /vpn-backend/dashboard.html HTTP/1.1" 304 -
100.90.249.20 - - [15/Jul/2025:02:00:33 +0530] "POST /vpn-backend/fetch-training-logs HTTP/1.1" 200 39
100.90.249.20 - - [15/Jul/2025:02:00:33 +0530] "GET /vpn-backend/fetch-user-logs?username=meghana HTTP/1.1" 200 1278
100.90.249.20 - - [15/Jul/2025:02:00:33 +0530] "GET /vpn-backend/fetch-audit-logs HTTP/1.1" 200 10387
0:0:0:0:0:0:0:1 - - [15/Jul/2025:02:04:10 +0530] "GET /vpn-backend/dashboard.html HTTP/1.1" 304 -
100.90.249.20 - - [15/Jul/2025:02:04:10 +0530] "POST /vpn-backend/fetch-training-logs HTTP/1.1" 200 39
100.90.249.20 - - [15/Jul/2025:02:04:10 +0530] "GET /vpn-backend/fetch-user-logs?username=meghana HTTP/1.1" 200 1278
100.90.249.20 - - [15/Jul/2025:02:04:10 +0530] "GET /vpn-backend/fetch-audit-logs HTTP/1.1" 200 10387
127.0.0.1 - - [15/Jul/2025:16:10:38 +0530] "GET / HTTP/1.1" 404 752
100.90.249.20 - - [15/Jul/2025:16:14:38 +0530] "GET /vpn-backend HTTP/1.1" 302 -
100.90.249.20 - - [15/Jul/2025:16:14:38 +0530] "GET /vpn-backend/ HTTP/1.1" 200 20438
100.90.249.20 - - [15/Jul/2025:16:14:39 +0530] "GET /vpn-backend/status HTTP/1.1" 404 774
100.90.249.20 - - [15/Jul/2025:16:14:39 +0530] "GET /favicon.ico HTTP/1.1" 404 763
100.90.249.20 - - [15/Jul/2025:16:15:08 +0530] "POST /vpn-backend/login HTTP/1.1" 500 3432
100.90.249.20 - - [15/Jul/2025:16:15:09 +0530] "GET /vpn-backend/status HTTP/1.1" 404 774
100.90.249.20 - - [15/Jul/2025:16:15:16 +0530] "POST /vpn-backend/login HTTP/1.1" 404 683
100.90.249.20 - - [15/Jul/2025:16:15:16 +0530] "POST /vpn-backend/login HTTP/1.1" 404 683
100.90.249.20 - - [15/Jul/2025:16:15:16 +0530] "POST /vpn-backend/login HTTP/1.1" 404 683
100.75.82.36 - - [15/Jul/2025:16:15:26 +0530] "GET /vpn-backend HTTP/1.1" 302 -
100.75.82.36 - - [15/Jul/2025:16:15:26 +0530] "GET /vpn-backend/ HTTP/1.1" 200 20438
100.75.82.36 - - [15/Jul/2025:16:15:26 +0530] "GET /vpn-backend/status HTTP/1.1" 404 774
100.75.82.36 - - [15/Jul/2025:16:15:27 +0530] "GET /favicon.ico HTTP/1.1" 404 763
100.75.82.36 - - [15/Jul/2025:16:15:52 +0530] "POST /vpn-backend/login HTTP/1.1" 404 683
100.75.82.36 - - [15/Jul/2025:16:15:56 +0530] "GET /vpn-backend/status HTTP/1.1" 404 774
100.90.249.20 - - [15/Jul/2025:16:16:05 +0530] "GET /vpn-backend HTTP/1.1" 302 -
100.90.249.20 - - [15/Jul/2025:16:16:05 +0530] "GET /vpn-backend/ HTTP/1.1" 200 20438
100.90.249.20 - - [15/Jul/2025:16:16:05 +0530] "GET /vpn-backend/status HTTP/1.1" 404 774
100.90.249.20 - - [15/Jul/2025:16:16:13 +0530] "POST /vpn-backend/login HTTP/1.1" 404 683
100.75.82.36 - - [15/Jul/2025:16:16:27 +0530] "GET /vpn-backend/status HTTP/1.1" 404 774
100.90.249.20 - - [15/Jul/2025:16:16:33 +0530] "GET /vpn-backend/ HTTP/1.1" 304 -
100.90.249.20 - - [15/Jul/2025:16:16:33 +0530] "GET /vpn-backend/status HTTP/1.1" 404 774
100.90.249.20 - - [15/Jul/2025:16:16:38 +0530] "POST /vpn-backend/login HTTP/1.1" 404 683
100.90.249.20 - - [15/Jul/2025:16:16:41 +0530] "GET /vpn-backend/ HTTP/1.1" 304 -
100.90.249.20 - - [15/Jul/2025:16:16:41 +0530] "GET /vpn-backend/status HTTP/1.1" 404 774
100.90.249.20 - - [15/Jul/2025:16:16:41 +0530] "GET /vpn-backend/ HTTP/1.1" 304 -
100.90.249.20 - - [15/Jul/2025:16:16:41 +0530] "GET /vpn-backend/status HTTP/1.1" 404 774
100.75.82.36 - - [15/Jul/2025:16:16:57 +0530] "GET /vpn-backend/status HTTP/1.1" 404 774
0:0:0:0:0:0:0:1 - - [15/Jul/2025:16:17:17 +0530] "GET /vpn-backend HTTP/1.1" 302 -
0:0:0:0:0:0:0:1 - - [15/Jul/2025:16:17:17 +0530] "GET /vpn-backend/ HTTP/1.1" 200 20438
100.90.249.20 - - [15/Jul/2025:16:17:17 +0530] "GET /vpn-backend/status HTTP/1.1" 404 774
0:0:0:0:0:0:0:1 - - [15/Jul/2025:16:17:17 +0530] "GET /favicon.ico HTTP/1.1" 404 763
100.90.249.20 - - [15/Jul/2025:16:17:23 +0530] "POST /vpn-backend/login HTTP/1.1" 404 683
0:0:0:0:0:0:0:1 - - [15/Jul/2025:16:17:25 +0530] "GET /vpn-backend/ HTTP/1.1" 304 -
100.90.249.20 - - [15/Jul/2025:16:17:25 +0530] "GET /vpn-backend/status HTTP/1.1" 404 774
0:0:0:0:0:0:0:1 - - [15/Jul/2025:16:17:25 +0530] "GET /vpn-backend/ HTTP/1.1" 304 -
100.90.249.20 - - [15/Jul/2025:16:17:25 +0530] "GET /vpn-backend/status HTTP/1.1" 404 774
100.75.82.36 - - [15/Jul/2025:16:17:27 +0530] "GET /vpn-backend/status HTTP/1.1" 404 774
100.75.82.36 - - [15/Jul/2025:16:17:41 +0530] "POST /vpn-backend/login HTTP/1.1" 404 683
100.75.82.36 - - [15/Jul/2025:16:17:42 +0530] "POST /vpn-backend/login HTTP/1.1" 404 683
100.75.82.36 - - [15/Jul/2025:16:17:43 +0530] "POST /vpn-backend/login HTTP/1.1" 404 683
100.90.249.20 - - [15/Jul/2025:16:17:55 +0530] "GET /vpn-backend/status HTTP/1.1" 404 774
100.75.82.36 - - [15/Jul/2025:16:17:56 +0530] "GET /vpn-backend/status HTTP/1.1" 404 774
100.75.82.36 - - [15/Jul/2025:16:18:01 +0530] "POST /vpn-backend/login HTTP/1.1" 404 683
100.75.82.36 - - [15/Jul/2025:16:18:06 +0530] "POST /vpn-backend/login HTTP/1.1" 404 683
100.75.82.36 - - [15/Jul/2025:16:18:07 +0530] "POST /vpn-backend/login HTTP/1.1" 404 683
100.75.82.36 - - [15/Jul/2025:16:18:14 +0530] "GET /vpn-backend/dashboard.html HTTP/1.1" 200 12221
100.75.82.36 - - [15/Jul/2025:16:18:14 +0530] "GET /vpn-backend/fetch-user-logs?username=guest HTTP/1.1" 500 3456
100.75.82.36 - - [15/Jul/2025:16:18:14 +0530] "GET /vpn-backend/fetch-audit-logs HTTP/1.1" 404 784
100.75.82.36 - - [15/Jul/2025:16:18:14 +0530] "POST /vpn-backend/fetch-training-logs HTTP/1.1" 404 787
100.90.249.20 - - [15/Jul/2025:16:18:25 +0530] "GET /vpn-backend/status HTTP/1.1" 404 774
100.75.82.36 - - [15/Jul/2025:16:18:36 +0530] "GET /vpn-backend/fetch-audit-logs HTTP/1.1" 404 784
100.75.82.36 - - [15/Jul/2025:16:18:39 +0530] "POST /vpn-backend/fetch-training-logs HTTP/1.1" 404 787
100.75.82.36 - - [15/Jul/2025:16:18:41 +0530] "GET /vpn-backend/fetch-user-logs?username=guest HTTP/1.1" 404 683
100.75.82.36 - - [15/Jul/2025:16:18:48 +0530] "POST /vpn-backend/logs HTTP/1.1" 500 3444
100.75.82.36 - - [15/Jul/2025:16:18:54 +0530] "GET /vpn-backend/index.html HTTP/1.1" 200 20438
100.75.82.36 - - [15/Jul/2025:16:18:55 +0530] "GET /vpn-backend/status HTTP/1.1" 404 774
100.90.249.20 - - [15/Jul/2025:16:18:55 +0530] "GET /vpn-backend/status HTTP/1.1" 404 774
0:0:0:0:0:0:0:1 - - [15/Jul/2025:16:19:11 +0530] "GET /vpn-backend/ HTTP/1.1" 304 -
100.90.249.20 - - [15/Jul/2025:16:19:11 +0530] "GET /vpn-backend/status HTTP/1.1" 404 774
0:0:0:0:0:0:0:1 - - [15/Jul/2025:16:19:11 +0530] "GET /vpn-backend/ HTTP/1.1" 304 -
100.90.249.20 - - [15/Jul/2025:16:19:11 +0530] "GET /vpn-backend/status HTTP/1.1" 404 774
100.90.249.20 - - [15/Jul/2025:16:19:17 +0530] "POST /vpn-backend/login HTTP/1.1" 404 683
0:0:0:0:0:0:0:1 - - [15/Jul/2025:16:19:20 +0530] "GET /vpn-backend/ HTTP/1.1" 304 -
100.90.249.20 - - [15/Jul/2025:16:19:20 +0530] "GET /vpn-backend/status HTTP/1.1" 404 774
0:0:0:0:0:0:0:1 - - [15/Jul/2025:16:19:20 +0530] "GET /vpn-backend/ HTTP/1.1" 304 -
100.90.249.20 - - [15/Jul/2025:16:19:20 +0530] "GET /vpn-backend/status HTTP/1.1" 404 774
100.75.82.36 - - [15/Jul/2025:16:19:25 +0530] "GET /vpn-backend/status HTTP/1.1" 404 774
0:0:0:0:0:0:0:1 - - [15/Jul/2025:16:19:33 +0530] "GET /vpn-backend/login HTTP/1.1" 404 683
100.90.249.20 - - [15/Jul/2025:16:19:38 +0530] "GET /vpn-backend/status HTTP/1.1" 404 774
100.75.82.36 - - [15/Jul/2025:16:19:55 +0530] "GET /vpn-backend/status HTTP/1.1" 404 774
0:0:0:0:0:0:0:1 - - [15/Jul/2025:16:19:57 +0530] "GET /vpn-backend/ HTTP/1.1" 304 -
100.90.249.20 - - [15/Jul/2025:16:19:57 +0530] "GET /vpn-backend/status HTTP/1.1" 404 774
100.75.82.36 - - [15/Jul/2025:16:20:06 +0530] "POST /vpn-backend/login HTTP/1.1" 404 683
100.75.82.36 - - [15/Jul/2025:16:20:25 +0530] "GET /vpn-backend/status HTTP/1.1" 404 774
100.90.249.20 - - [15/Jul/2025:16:20:27 +0530] "GET /vpn-backend/status HTTP/1.1" 404 774
100.90.249.20 - - [15/Jul/2025:16:20:45 +0530] "POST /vpn-backend/login HTTP/1.1" 404 683
100.90.249.20 - - [15/Jul/2025:16:20:57 +0530] "GET /vpn-backend/status HTTP/1.1" 404 774
100.75.82.36 - - [15/Jul/2025:16:20:58 +0530] "GET /vpn-backend/status HTTP/1.1" 404 774
100.75.82.36 - - [15/Jul/2025:16:21:25 +0530] "GET /vpn-backend/status HTTP/1.1" 404 774
100.90.249.20 - - [15/Jul/2025:16:21:27 +0530] "GET /vpn-backend/status HTTP/1.1" 404 774
100.75.82.36 - - [15/Jul/2025:16:21:29 +0530] "POST /vpn-backend/login HTTP/1.1" 404 683
100.75.82.36 - - [15/Jul/2025:16:21:33 +0530] "POST /vpn-backend/login HTTP/1.1" 404 683
100.75.82.36 - - [15/Jul/2025:16:21:34 +0530] "POST /vpn-backend/login HTTP/1.1" 404 683
100.75.82.36 - - [15/Jul/2025:16:21:55 +0530] "GET /vpn-backend/status HTTP/1.1" 404 774
100.90.249.20 - - [15/Jul/2025:16:21:57 +0530] "GET /vpn-backend/status HTTP/1.1" 404 774
100.75.82.36 - - [15/Jul/2025:16:22:25 +0530] "GET /vpn-backend/status HTTP/1.1" 404 774
100.90.249.20 - - [15/Jul/2025:16:22:27 +0530] "GET /vpn-backend/status HTTP/1.1" 404 774
100.90.249.20 - - [15/Jul/2025:16:22:55 +0530] "GET /vpn-backend HTTP/1.1" 302 -
100.75.82.36 - - [15/Jul/2025:16:22:55 +0530] "GET /vpn-backend/status HTTP/1.1" 404 774
100.90.249.20 - - [15/Jul/2025:16:22:55 +0530] "GET /vpn-backend/status HTTP/1.1" 404 774
100.90.249.20 - - [15/Jul/2025:16:22:57 +0530] "GET /vpn-backend/status HTTP/1.1" 404 774
100.90.249.20 - - [15/Jul/2025:16:23:01 +0530] "POST /vpn-backend/login HTTP/1.1" 404 683
100.90.249.20 - - [15/Jul/2025:16:23:19 +0530] "POST /vpn-backend/login HTTP/1.1" 404 683
100.90.249.20 - - [15/Jul/2025:16:23:19 +0530] "POST /vpn-backend/login HTTP/1.1" 404 683
100.90.249.20 - - [15/Jul/2025:16:23:20 +0530] "POST /vpn-backend/login HTTP/1.1" 404 683
100.90.249.20 - - [15/Jul/2025:16:23:20 +0530] "POST /vpn-backend/login HTTP/1.1" 404 683
100.90.249.20 - - [15/Jul/2025:16:23:25 +0530] "GET /vpn-backend/status HTTP/1.1" 404 774
100.75.82.36 - - [15/Jul/2025:16:23:25 +0530] "GET /vpn-backend/status HTTP/1.1" 404 774
100.90.249.20 - - [15/Jul/2025:16:23:51 +0530] "GET /vpn-backend/ HTTP/1.1" 304 -
100.90.249.20 - - [15/Jul/2025:16:23:51 +0530] "GET /vpn-backend/status HTTP/1.1" 404 774
100.75.82.36 - - [15/Jul/2025:16:23:55 +0530] "GET /vpn-backend/status HTTP/1.1" 404 774
100.90.249.20 - - [15/Jul/2025:16:24:02 +0530] "GET /vpn-backend/ HTTP/1.1" 200 20438
100.90.249.20 - - [15/Jul/2025:16:24:02 +0530] "GET /vpn-backend/status HTTP/1.1" 404 774
100.90.249.20 - - [15/Jul/2025:16:24:02 +0530] "GET /favicon.ico HTTP/1.1" 404 763
100.90.249.20 - - [15/Jul/2025:16:24:09 +0530] "GET /vpn-backend/ HTTP/1.1" 304 -
100.90.249.20 - - [15/Jul/2025:16:24:09 +0530] "GET /vpn-backend/status HTTP/1.1" 404 774
100.90.249.20 - - [15/Jul/2025:16:24:19 +0530] "POST /vpn-backend/login HTTP/1.1" 404 683
100.90.249.20 - - [15/Jul/2025:16:24:21 +0530] "GET /vpn-backend/status HTTP/1.1" 404 774
100.90.249.20 - - [15/Jul/2025:16:24:22 +0530] "POST /vpn-backend/login HTTP/1.1" 404 683
100.90.249.20 - - [15/Jul/2025:16:24:23 +0530] "POST /vpn-backend/login HTTP/1.1" 404 683
100.90.249.20 - - [15/Jul/2025:16:24:24 +0530] "GET /vpn-backend/ HTTP/1.1" 304 -
100.90.249.20 - - [15/Jul/2025:16:24:24 +0530] "GET /vpn-backend/status HTTP/1.1" 404 774
100.75.82.36 - - [15/Jul/2025:16:24:25 +0530] "GET /vpn-backend/status HTTP/1.1" 404 774
100.90.249.20 - - [15/Jul/2025:16:24:25 +0530] "GET /vpn-backend/status HTTP/1.1" 404 774
100.90.249.20 - - [15/Jul/2025:16:24:41 +0530] "GET /vpn-backend/status HTTP/1.1" 404 774
100.90.249.20 - - [15/Jul/2025:16:24:49 +0530] "POST /vpn-backend/login HTTP/1.1" 404 683
100.90.249.20 - - [15/Jul/2025:16:24:51 +0530] "GET /vpn-backend/ HTTP/1.1" 304 -
100.90.249.20 - - [15/Jul/2025:16:24:51 +0530] "GET /vpn-backend/status HTTP/1.1" 404 774
100.75.82.36 - - [15/Jul/2025:16:24:55 +0530] "GET /vpn-backend/status HTTP/1.1" 404 774
100.90.249.20 - - [15/Jul/2025:16:25:21 +0530] "GET /vpn-backend/status HTTP/1.1" 404 774
100.75.82.36 - - [15/Jul/2025:16:25:25 +0530] "GET /vpn-backend/status HTTP/1.1" 404 774
100.90.249.20 - - [15/Jul/2025:16:25:51 +0530] "GET /vpn-backend/status HTTP/1.1" 404 774
100.90.249.20 - - [15/Jul/2025:16:25:53 +0530] "GET /vpn-backend/login HTTP/1.1" 404 683
100.75.82.36 - - [15/Jul/2025:16:25:55 +0530] "GET /vpn-backend/status HTTP/1.1" 404 774
100.90.249.20 - - [15/Jul/2025:16:26:05 +0530] "GET /vpn-backend/ HTTP/1.1" 304 -
100.90.249.20 - - [15/Jul/2025:16:26:05 +0530] "GET /vpn-backend/status HTTP/1.1" 404 774
100.75.82.36 - - [15/Jul/2025:16:26:25 +0530] "GET /vpn-backend/status HTTP/1.1" 404 774
100.90.249.20 - - [15/Jul/2025:16:26:36 +0530] "GET /vpn-backend/status HTTP/1.1" 404 774
100.75.82.36 - - [15/Jul/2025:16:26:55 +0530] "GET /vpn-backend/status HTTP/1.1" 404 774
100.90.249.20 - - [15/Jul/2025:16:27:06 +0530] "GET /vpn-backend/status HTTP/1.1" 404 774
100.75.82.36 - - [15/Jul/2025:16:27:25 +0530] "GET /vpn-backend/status HTTP/1.1" 404 774
100.75.82.36 - - [15/Jul/2025:16:27:25 +0530] "POST /vpn-backend/login HTTP/1.1" 404 683
100.75.82.36 - - [15/Jul/2025:16:27:35 +0530] "POST /vpn-backend/login HTTP/1.1" 404 683
100.90.249.20 - - [15/Jul/2025:16:27:36 +0530] "GET /vpn-backend/status HTTP/1.1" 404 774
100.75.82.36 - - [15/Jul/2025:16:27:55 +0530] "GET /vpn-backend/status HTTP/1.1" 404 774
100.90.249.20 - - [15/Jul/2025:16:28:06 +0530] "GET /vpn-backend/status HTTP/1.1" 404 774
100.75.82.36 - - [15/Jul/2025:16:28:25 +0530] "GET /vpn-backend/status HTTP/1.1" 404 774
100.90.249.20 - - [15/Jul/2025:16:28:36 +0530] "GET /vpn-backend/status HTTP/1.1" 404 774
100.75.82.36 - - [15/Jul/2025:16:28:55 +0530] "GET /vpn-backend/status HTTP/1.1" 404 774
100.90.249.20 - - [15/Jul/2025:16:29:06 +0530] "GET /vpn-backend/status HTTP/1.1" 404 774
100.75.82.36 - - [15/Jul/2025:16:29:25 +0530] "GET /vpn-backend/status HTTP/1.1" 404 774
100.75.82.36 - - [15/Jul/2025:16:29:55 +0530] "GET /vpn-backend/status HTTP/1.1" 404 774
127.0.0.1 - - [15/Jul/2025:16:30:01 +0530] "GET / HTTP/1.1" 404 752
100.90.249.20 - - [15/Jul/2025:16:30:14 +0530] "GET /vpn-backend/status HTTP/1.1" 404 774
100.90.249.20 - - [15/Jul/2025:16:30:16 +0530] "GET /vpn-backend/ HTTP/1.1" 304 -
100.90.249.20 - - [15/Jul/2025:16:30:16 +0530] "GET /vpn-backend/status HTTP/1.1" 404 774
100.90.249.20 - - [15/Jul/2025:16:30:16 +0530] "GET /vpn-backend/ HTTP/1.1" 304 -
100.90.249.20 - - [15/Jul/2025:16:30:16 +0530] "GET /vpn-backend/status HTTP/1.1" 404 774
100.75.82.36 - - [15/Jul/2025:16:30:25 +0530] "GET /vpn-backend/status HTTP/1.1" 404 774
100.90.249.20 - - [15/Jul/2025:16:30:31 +0530] "GET /vpn-backend/index.html HTTP/1.1" 200 20438
100.90.249.20 - - [15/Jul/2025:16:30:31 +0530] "GET /vpn-backend/status HTTP/1.1" 404 774
100.90.249.20 - - [15/Jul/2025:16:30:44 +0530] "POST /vpn-backend/login HTTP/1.1" 200 77
100.90.249.20 - - [15/Jul/2025:16:30:45 +0530] "GET /vpn-backend/dashboard.html HTTP/1.1" 200 12221
100.90.249.20 - - [15/Jul/2025:16:30:46 +0530] "GET /vpn-backend/fetch-user-logs?username=vaishnavi HTTP/1.1" 200 1028
100.90.249.20 - - [15/Jul/2025:16:30:46 +0530] "POST /vpn-backend/fetch-training-logs HTTP/1.1" 200 803
100.90.249.20 - - [15/Jul/2025:16:30:46 +0530] "GET /vpn-backend/fetch-audit-logs HTTP/1.1" 200 10540
100.75.82.36 - - [15/Jul/2025:16:30:55 +0530] "GET /vpn-backend/status HTTP/1.1" 404 774
100.75.82.36 - - [15/Jul/2025:16:31:47 +0530] "GET /vpn-backend/status HTTP/1.1" 404 774
100.75.82.36 - - [15/Jul/2025:16:31:55 +0530] "GET /vpn-backend/status HTTP/1.1" 404 774
100.75.82.36 - - [15/Jul/2025:16:31:59 +0530] "GET /vpn-backend/index.html HTTP/1.1" 200 20438
100.75.82.36 - - [15/Jul/2025:16:31:59 +0530] "GET /vpn-backend/status HTTP/1.1" 404 774
100.75.82.36 - - [15/Jul/2025:16:32:05 +0530] "POST /vpn-backend/login HTTP/1.1" 200 77
100.75.82.36 - - [15/Jul/2025:16:32:07 +0530] "GET /vpn-backend/fetch-user-logs?username=meghana HTTP/1.1" 200 1278
100.75.82.36 - - [15/Jul/2025:16:32:07 +0530] "POST /vpn-backend/fetch-training-logs HTTP/1.1" 200 39
100.75.82.36 - - [15/Jul/2025:16:32:07 +0530] "GET /vpn-backend/fetch-audit-logs HTTP/1.1" 200 10691
100.75.82.36 - - [15/Jul/2025:16:32:59 +0530] "GET /vpn-backend/fetch-audit-logs HTTP/1.1" 200 10691
100.75.82.36 - - [15/Jul/2025:16:33:08 +0530] "POST /vpn-backend/logs HTTP/1.1" 200 43
100.75.82.36 - - [15/Jul/2025:16:33:13 +0530] "GET /vpn-backend/fetch-user-logs?username=meghana HTTP/1.1" 200 1510
100.75.82.36 - - [15/Jul/2025:16:33:20 +0530] "GET /vpn-backend/fetch-user-logs?username=meghana HTTP/1.1" 200 1510
100.75.82.36 - - [15/Jul/2025:16:33:41 +0530] "POST /vpn-backend/logs HTTP/1.1" 200 43
100.75.82.36 - - [15/Jul/2025:16:33:44 +0530] "GET /vpn-backend/fetch-user-logs?username=meghana HTTP/1.1" 200 1746
100.75.82.36 - - [15/Jul/2025:16:34:13 +0530] "POST /vpn-backend/fetch-training-logs HTTP/1.1" 200 39
100.75.82.36 - - [15/Jul/2025:16:34:41 +0530] "GET /vpn-backend/status HTTP/1.1" 404 774
100.75.82.36 - - [15/Jul/2025:16:35:11 +0530] "GET /vpn-backend/status HTTP/1.1" 404 774
100.75.82.36 - - [15/Jul/2025:16:35:41 +0530] "GET /vpn-backend/status HTTP/1.1" 404 774
100.75.82.36 - - [15/Jul/2025:16:36:11 +0530] "GET /vpn-backend/status HTTP/1.1" 404 774
100.75.82.36 - - [15/Jul/2025:16:36:41 +0530] "GET /vpn-backend/status HTTP/1.1" 404 774
100.90.249.20 - - [15/Jul/2025:16:36:54 +0530] "GET /vpn-backend/fetch-audit-logs HTTP/1.1" 200 10985
100.75.82.36 - - [15/Jul/2025:16:37:09 +0530] "POST /vpn-backend/login HTTP/1.1" 200 77
100.75.82.36 - - [15/Jul/2025:16:37:11 +0530] "GET /vpn-backend/fetch-user-logs?username=meghana HTTP/1.1" 200 1746
100.75.82.36 - - [15/Jul/2025:16:37:11 +0530] "POST /vpn-backend/fetch-training-logs HTTP/1.1" 200 39
100.75.82.36 - - [15/Jul/2025:16:37:11 +0530] "GET /vpn-backend/fetch-audit-logs HTTP/1.1" 200 11136
100.90.249.20 - - [15/Jul/2025:16:40:29 +0530] "GET /vpn-backend/status HTTP/1.1" 404 774
100.90.249.20 - - [15/Jul/2025:16:40:31 +0530] "GET /vpn-backend/index.html HTTP/1.1" 304 -
100.90.249.20 - - [15/Jul/2025:16:40:31 +0530] "GET /vpn-backend/status HTTP/1.1" 404 774
100.90.249.20 - - [15/Jul/2025:16:41:01 +0530] "GET /vpn-backend/status HTTP/1.1" 404 774
100.90.249.20 - - [15/Jul/2025:16:41:31 +0530] "GET /vpn-backend/status HTTP/1.1" 404 774
100.90.249.20 - - [15/Jul/2025:16:42:01 +0530] "GET /vpn-backend/status HTTP/1.1" 404 774
100.65.72.71 - - [15/Jul/2025:16:42:28 +0530] "GET /vpn-backend/index.html HTTP/1.1" 200 20438
